[bench] armed sim=97.07 {}
[intruder_motion] gotowy; kontrola=/home/olga/projects/liquidpatrol/results/K2/k4b_b3/episode_control.json
[bench] takeoff sim=97.09 {}
[bench] offboard sim=108.31 {}
Received ack for not-existing command: 176! Ignoring... (mavlink_command_sender.cpp:304)
[bench] intruder_start_gate sim=108.41 {'episode_id': 8, 'status': 'OK', 'n_setpose': 4, 'wait_sim': 0.096, 'pose': [15.0, 0.0, -10.0], 'attempts': 1, 'start_ned': [15.0, 0.0, -10.0]}
[bench] episode_start sim=108.41 {'episode_id': 8, 'scenario_id': 'c08_s01', 't0_sim': 108.412}
[bench] episode_end sim=180.38 {'episode_id': 8, 't_entry': 1.96, 'refuse': 0, 'breach': False, 't_inj_sim': None, 'denied': False}
[bench] intruder_start_gate sim=187.69 {'episode_id': 9, 'status': 'OK', 'n_setpose': 5, 'wait_sim': 0.204, 'pose': [0.0, 15.0, -10.0], 'attempts': 1, 'start_ned': [0.0, 15.0, -10.0]}
[bench] episode_start sim=187.69 {'episode_id': 9, 'scenario_id': 'c09_s01', 't0_sim': 187.692}
[bench] episode_end sim=259.67 {'episode_id': 9, 't_entry': 1.94, 'refuse': 0, 'breach': False, 't_inj_sim': None, 'denied': False}
[bench] intruder_start_gate sim=265.36 {'episode_id': 10, 'status': 'OK', 'n_setpose': 13, 'wait_sim': 0.612, 'pose': [-15.0, 0.0, -10.0], 'attempts': 1, 'start_ned': [-15.0, 0.0, -10.0]}
[bench] episode_start sim=265.36 {'episode_id': 10, 'scenario_id': 'c10_s01', 't0_sim': 265.356}
[bench] episode_end sim=337.02 {'episode_id': 10, 't_entry': 1.63, 'refuse': 0, 'breach': False, 't_inj_sim': None, 'denied': False}
[bench] intruder_start_gate sim=343.76 {'episode_id': 11, 'status': 'OK', 'n_setpose': 3, 'wait_sim': 0.144, 'pose': [-0.0, -15.0, -10.0], 'attempts': 1, 'start_ned': [-0.0, -15.0, -10.0]}
[bench] episode_start sim=343.76 {'episode_id': 11, 'scenario_id': 'c11_s01', 't0_sim': 343.756}
[bench] episode_end sim=413.79 {'episode_id': 11, 't_entry': None, 'refuse': 0, 'breach': False, 't_inj_sim': None, 'denied': False}
[bench] reset_done sim=419.72 {'in_gate': True}
Received ack for not-existing command: 176! Ignoring... (mavlink_command_sender.cpp:304)
[bench] done -> /home/olga/projects/liquidpatrol/results/K2/k4b_b3/trace.jsonl (demo n=5618)
