[bench] armed sim=97.08 {}
[intruder_motion] gotowy; kontrola=/home/olga/projects/liquidpatrol/results/DET/camp/r8_V2/episode_control.json
[bench] takeoff sim=97.11 {}
[bench] offboard sim=108.44 {}
Received ack for not-existing command: 176! Ignoring... (mavlink_command_sender.cpp:304)
[bench] intruder_start_gate sim=108.58 {'episode_id': 28, 'status': 'OK', 'n_setpose': 4, 'wait_sim': 0.1, 'pose': [15.0, 0.0, -10.0], 'attempts': 1, 'start_ned': [15.0, 0.0, -10.0]}
[bench] episode_start sim=108.58 {'episode_id': 28, 'scenario_id': 'c04_s03', 't0_sim': 108.58}
[bench] episode_end sim=181.83 {'episode_id': 28, 't_entry': 3.22, 'refuse': 0, 'breach': False, 't_inj_sim': None, 'denied': False}
[bench] intruder_start_gate sim=191.89 {'episode_id': 29, 'status': 'OK', 'n_setpose': 28, 'wait_sim': 1.444, 'pose': [0.0, 15.0, -10.0], 'attempts': 1, 'start_ned': [0.0, 15.0, -10.0]}
[bench] episode_start sim=191.89 {'episode_id': 29, 'scenario_id': 'c05_s03', 't0_sim': 191.892}
[bench] episode_end sim=231.94 {'episode_id': 29, 't_entry': None, 'refuse': 0, 'breach': False, 't_inj_sim': None, 'denied': False}
[bench] intruder_start_gate sim=232.10 {'episode_id': 30, 'status': 'OK', 'n_setpose': 4, 'wait_sim': 0.156, 'pose': [-15.0, 0.0, -10.0], 'attempts': 1, 'start_ned': [-15.0, 0.0, -10.0]}
[bench] episode_start sim=232.10 {'episode_id': 30, 'scenario_id': 'c06_s03', 't0_sim': 232.096}
[bench] episode_end sim=272.12 {'episode_id': 30, 't_entry': None, 'refuse': 0, 'breach': False, 't_inj_sim': None, 'denied': False}
[bench] intruder_start_gate sim=272.22 {'episode_id': 31, 'status': 'OK', 'n_setpose': 3, 'wait_sim': 0.104, 'pose': [-0.0, -15.0, -10.0], 'attempts': 1, 'start_ned': [-0.0, -15.0, -10.0]}
[bench] episode_start sim=272.22 {'episode_id': 31, 'scenario_id': 'c07_s03', 't0_sim': 272.224}
[bench] episode_end sim=312.26 {'episode_id': 31, 't_entry': None, 'refuse': 0, 'breach': False, 't_inj_sim': None, 'denied': False}
[bench] reset_done sim=312.26 {'in_gate': True}
Received ack for not-existing command: 176! Ignoring... (mavlink_command_sender.cpp:304)
[bench] done -> /home/olga/projects/liquidpatrol/results/DET/camp/r8_V2/trace.jsonl (demo n=3811)
