[bench] armed sim=97.06 {}
[intruder_motion] gotowy; kontrola=/home/olga/projects/liquidpatrol/results/BENCH/campaign/b2b6r2/episode_control.json
[bench] takeoff sim=97.09 {}
[bench] offboard sim=108.62 {}
Received ack for not-existing command: 176! Ignoring... (mavlink_command_sender.cpp:304)
[bench] intruder_start_gate sim=108.72 {'episode_id': 76, 'status': 'OK', 'n_setpose': 4, 'wait_sim': 0.096, 'pose': [15.0, 0.0, -10.0], 'attempts': 1, 'start_ned': [15.0, 0.0, -10.0]}
[bench] episode_start sim=108.72 {'episode_id': 76, 'scenario_id': 'c04_s07', 't0_sim': 108.72}
[bench] episode_end sim=180.92 {'episode_id': 76, 't_entry': 2.16, 'refuse': 0, 'breach': False}
[bench] intruder_start_gate sim=187.95 {'episode_id': 77, 'status': 'OK', 'n_setpose': 3, 'wait_sim': 0.128, 'pose': [0.0, 15.0, -10.0], 'attempts': 1, 'start_ned': [0.0, 15.0, -10.0]}
[bench] episode_start sim=187.96 {'episode_id': 77, 'scenario_id': 'c05_s07', 't0_sim': 187.948}
[bench] episode_end sim=257.98 {'episode_id': 77, 't_entry': 0.02, 'refuse': 0, 'breach': False}
[bench] intruder_start_gate sim=265.69 {'episode_id': 78, 'status': 'OK', 'n_setpose': 6, 'wait_sim': 0.256, 'pose': [-15.0, 0.0, -10.0], 'attempts': 1, 'start_ned': [-15.0, 0.0, -10.0]}
[bench] episode_start sim=265.69 {'episode_id': 78, 'scenario_id': 'c06_s07', 't0_sim': 265.692}
[bench] episode_end sim=337.83 {'episode_id': 78, 't_entry': 2.14, 'refuse': 0, 'breach': False}
[bench] intruder_start_gate sim=345.49 {'episode_id': 79, 'status': 'OK', 'n_setpose': 3, 'wait_sim': 0.104, 'pose': [-0.0, -15.0, -10.0], 'attempts': 1, 'start_ned': [-0.0, -15.0, -10.0]}
[bench] episode_start sim=345.49 {'episode_id': 79, 'scenario_id': 'c07_s07', 't0_sim': 345.492}
[bench] episode_end sim=415.54 {'episode_id': 79, 't_entry': None, 'refuse': 0, 'breach': False}
[bench] reset_done sim=423.96 {'in_gate': True}
Received ack for not-existing command: 176! Ignoring... (mavlink_command_sender.cpp:304)
[bench] done -> /home/olga/projects/liquidpatrol/results/BENCH/campaign/b2b6r2/trace.jsonl (demo n=5612)
terminate called without an active exception
