[bench] armed sim=99.50 {}
[intruder_motion] gotowy; kontrola=/home/olga/projects/liquidpatrol/results/LIQ/camp/r12_ncp/episode_control.json
[bench] takeoff sim=99.52 {}
[bench] offboard sim=111.05 {}
Received ack for not-existing command: 176! Ignoring... (mavlink_command_sender.cpp:304)
[bench] intruder_start_gate sim=111.16 {'episode_id': 44, 'status': 'OK', 'n_setpose': 4, 'wait_sim': 0.1, 'pose': [15.0, 0.0, -10.0], 'attempts': 1, 'start_ned': [15.0, 0.0, -10.0]}
[bench] episode_start sim=111.16 {'episode_id': 44, 'scenario_id': 'c08_s04', 't0_sim': 111.156}
[bench] episode_end sim=183.06 {'episode_id': 44, 't_entry': 1.86, 'refuse': 0, 'breach': False, 't_inj_sim': None, 'denied': False}
[bench] intruder_start_gate sim=188.69 {'episode_id': 45, 'status': 'OK', 'n_setpose': 7, 'wait_sim': 0.304, 'pose': [0.0, 15.0, -10.0], 'attempts': 1, 'start_ned': [0.0, 15.0, -10.0]}
[bench] episode_start sim=188.69 {'episode_id': 45, 'scenario_id': 'c09_s04', 't0_sim': 188.692}
[bench] episode_end sim=259.05 {'episode_id': 45, 't_entry': 0.3, 'refuse': 0, 'breach': False, 't_inj_sim': None, 'denied': False}
[bench] intruder_start_gate sim=264.93 {'episode_id': 46, 'status': 'OK', 'n_setpose': 4, 'wait_sim': 0.152, 'pose': [-15.0, 0.0, -10.0], 'attempts': 1, 'start_ned': [-15.0, 0.0, -10.0]}
[bench] episode_start sim=264.93 {'episode_id': 46, 'scenario_id': 'c10_s04', 't0_sim': 264.932}
[bench] episode_end sim=334.94 {'episode_id': 46, 't_entry': None, 'refuse': 0, 'breach': False, 't_inj_sim': None, 'denied': False}
[bench] intruder_start_gate sim=343.32 {'episode_id': 47, 'status': 'OK', 'n_setpose': 11, 'wait_sim': 0.508, 'pose': [-0.0, -15.0, -10.0], 'attempts': 1, 'start_ned': [-0.0, -15.0, -10.0]}
[bench] episode_start sim=343.32 {'episode_id': 47, 'scenario_id': 'c11_s04', 't0_sim': 343.316}
[bench] episode_end sim=413.66 {'episode_id': 47, 't_entry': 0.31, 'refuse': 0, 'breach': False, 't_inj_sim': None, 'denied': False}
[bench] reset_done sim=422.99 {'in_gate': True}
Received ack for not-existing command: 176! Ignoring... (mavlink_command_sender.cpp:304)
[bench] done -> /home/olga/projects/liquidpatrol/results/LIQ/camp/r12_ncp/trace.jsonl (demo n=5558)
