[bench] armed sim=97.06 {}
[intruder_motion] gotowy; kontrola=/home/olga/projects/liquidpatrol/results/BENCH/campaign/boot8/episode_control.json
[bench] takeoff sim=97.08 {}
[bench] offboard sim=108.41 {}
Received ack for not-existing command: 176! Ignoring... (mavlink_command_sender.cpp:304)
[bench] intruder_start_gate sim=108.51 {'episode_id': 28, 'status': 'OK', 'n_setpose': 4, 'wait_sim': 0.1, 'pose': [15.0, 0.0, -10.0], 'attempts': 1, 'start_ned': [15.0, 0.0, -10.0]}
[bench] episode_start sim=108.51 {'episode_id': 28, 'scenario_id': 'c04_s03', 't0_sim': 108.512}
[bench] episode_end sim=180.77 {'episode_id': 28, 't_entry': 2.25, 'refuse': 0, 'breach': False}
[bench] intruder_start_gate sim=185.25 {'episode_id': 29, 'status': 'OK', 'n_setpose': 4, 'wait_sim': 0.152, 'pose': [0.0, 15.0, -10.0], 'attempts': 1, 'start_ned': [0.0, 15.0, -10.0]}
[bench] episode_start sim=185.25 {'episode_id': 29, 'scenario_id': 'c05_s03', 't0_sim': 185.248}
[bench] episode_end sim=257.30 {'episode_id': 29, 't_entry': 2.04, 'refuse': 0, 'breach': False}
[bench] intruder_start_gate sim=263.81 {'episode_id': 30, 'status': 'OK', 'n_setpose': 9, 'wait_sim': 0.408, 'pose': [-15.0, 0.0, -10.0], 'attempts': 1, 'start_ned': [-15.0, 0.0, -10.0]}
[bench] episode_start sim=263.81 {'episode_id': 30, 'scenario_id': 'c06_s03', 't0_sim': 263.812}
[bench] episode_end sim=335.78 {'episode_id': 30, 't_entry': 1.94, 'refuse': 0, 'breach': False}
[bench] intruder_start_gate sim=349.48 {'episode_id': 31, 'status': 'OK', 'n_setpose': 104, 'wait_sim': 5.456, 'pose': [-0.0, -15.0, -10.0], 'attempts': 2, 'start_ned': [-0.0, -15.0, -10.0]}
[bench] episode_start sim=349.48 {'episode_id': 31, 'scenario_id': 'c07_s03', 't0_sim': 349.476}
[bench] episode_end sim=421.68 {'episode_id': 31, 't_entry': 2.19, 'refuse': 0, 'breach': False}
[bench] reset_done sim=427.14 {'in_gate': True}
Received ack for not-existing command: 176! Ignoring... (mavlink_command_sender.cpp:304)
[bench] done -> /home/olga/projects/liquidpatrol/results/BENCH/campaign/boot8/trace.jsonl (demo n=5668)
