[bench] armed sim=99.54 {}
[intruder_motion] gotowy; kontrola=/home/olga/projects/liquidpatrol/results/NET/FLY/f3_ncp_b3/episode_control.json
[bench] takeoff sim=99.57 {}
[bench] offboard sim=111.16 {}
Received ack for not-existing command: 176! Ignoring... (mavlink_command_sender.cpp:304)
[bench] intruder_start_gate sim=111.26 {'episode_id': 8, 'status': 'OK', 'n_setpose': 4, 'wait_sim': 0.1, 'pose': [15.0, 0.0, -10.0], 'attempts': 1, 'start_ned': [15.0, 0.0, -10.0]}
[bench] episode_start sim=111.26 {'episode_id': 8, 'scenario_id': 'c08_s11', 't0_sim': 111.264}
[bench] episode_end sim=183.22 {'episode_id': 8, 't_entry': 1.95, 'refuse': 0, 'breach': False}
[bench] intruder_start_gate sim=191.08 {'episode_id': 9, 'status': 'OK', 'n_setpose': 11, 'wait_sim': 0.508, 'pose': [0.0, 15.0, -10.0], 'attempts': 1, 'start_ned': [0.0, 15.0, -10.0]}
[bench] episode_start sim=191.08 {'episode_id': 9, 'scenario_id': 'c09_s11', 't0_sim': 191.076}
[bench] episode_end sim=262.84 {'episode_id': 9, 't_entry': 1.73, 'refuse': 0, 'breach': False}
[bench] intruder_start_gate sim=269.98 {'episode_id': 10, 'status': 'OK', 'n_setpose': 3, 'wait_sim': 0.14, 'pose': [-15.0, 0.0, -10.0], 'attempts': 1, 'start_ned': [-15.0, 0.0, -10.0]}
[bench] episode_start sim=269.98 {'episode_id': 10, 'scenario_id': 'c10_s11', 't0_sim': 269.976}
[bench] episode_end sim=339.99 {'episode_id': 10, 't_entry': None, 'refuse': 0, 'breach': False}
[bench] intruder_start_gate sim=346.06 {'episode_id': 11, 'status': 'OK', 'n_setpose': 22, 'wait_sim': 1.104, 'pose': [0.0, -15.0, -10.0], 'attempts': 1, 'start_ned': [-0.0, -15.0, -10.0]}
[bench] episode_start sim=346.06 {'episode_id': 11, 'scenario_id': 'c11_s11', 't0_sim': 346.06}
[bench] episode_end sim=416.10 {'episode_id': 11, 't_entry': None, 'refuse': 0, 'breach': False}
[bench] reset_done sim=420.92 {'in_gate': True}
Received ack for not-existing command: 176! Ignoring... (mavlink_command_sender.cpp:304)
[bench] done -> /home/olga/projects/liquidpatrol/results/NET/FLY/f3_ncp_b3/trace.jsonl (demo n=5593)
