=== INFRA-1 campaign START=120 COUNT=10 cooldown=300s Wed Aug 26 14:53:09 CEST 2026 ===
[campaign] X3 OK: load1=0.19 < 1.0, brak cudzych zadań — start serii.
[campaign] boot120 : orphans_pre=0 load1=0.19 Wed Aug 26 14:53:09 CEST 2026
[campaign] boot120 DONE rc=0 | arm_ok=True landed=True habitat=INVALID(habitat) conv_s=None load1=1.34 ekf_hits=6
[campaign] cooldown 300s przed nastepnym...
[campaign] boot121 : orphans_pre=0 load1=0.01 Wed Aug 26 15:02:12 CEST 2026
[campaign] boot121 DONE rc=0 | arm_ok=True landed=True habitat=INVALID(habitat) conv_s=None load1=0.41 ekf_hits=1
[campaign] cooldown 300s przed nastepnym...
[campaign] boot122 : orphans_pre=0 load1=0.12 Wed Aug 26 15:11:23 CEST 2026
[campaign] boot122 DONE rc=0 | arm_ok=True landed=True habitat=INVALID(habitat) conv_s=None load1=1.19 ekf_hits=0
[campaign] cooldown 300s przed nastepnym...
[campaign] boot123 : orphans_pre=0 load1=0.05 Wed Aug 26 15:20:28 CEST 2026
[campaign] boot123 DONE rc=0 | arm_ok=True landed=True habitat=INVALID(habitat) conv_s=None load1=1.79 ekf_hits=0
[campaign] cooldown 300s przed nastepnym...
[campaign] boot124 : orphans_pre=0 load1=0.13 Wed Aug 26 15:29:35 CEST 2026
[campaign] boot124 DONE rc=0 | arm_ok=True landed=True habitat=INVALID(habitat) conv_s=None load1=1.8 ekf_hits=0
[campaign] cooldown 300s przed nastepnym...
[campaign] boot125 : orphans_pre=0 load1=0.04 Wed Aug 26 15:38:39 CEST 2026
[campaign] boot125 DONE rc=0 | arm_ok=True landed=True habitat=INVALID(habitat) conv_s=None load1=0.49 ekf_hits=0
[campaign] cooldown 300s przed nastepnym...
[campaign] boot126 : orphans_pre=0 load1=0.25 Wed Aug 26 15:47:51 CEST 2026
[campaign] boot126 DONE rc=0 | arm_ok=True landed=True habitat=INVALID(habitat) conv_s=None load1=0.93 ekf_hits=0
[campaign] cooldown 300s przed nastepnym...
[campaign] boot127 : orphans_pre=0 load1=0.19 Wed Aug 26 15:56:56 CEST 2026
[campaign] boot127 DONE rc=0 | arm_ok=True landed=True habitat=INVALID(habitat) conv_s=None load1=1.78 ekf_hits=0
[campaign] cooldown 300s przed nastepnym...
[campaign] boot128 : orphans_pre=0 load1=0.02 Wed Aug 26 16:06:39 CEST 2026
[campaign] boot128 DONE rc=0 | arm_ok=True landed=True habitat=INVALID(habitat) conv_s=None load1=2.1 ekf_hits=3
[campaign] cooldown 300s przed nastepnym...
[campaign] boot129 : orphans_pre=0 load1=0.07 Wed Aug 26 16:15:47 CEST 2026
[campaign] boot129 DONE rc=0 | arm_ok=True landed=True habitat=INVALID(habitat) conv_s=None load1=1.49 ekf_hits=1
=== INFRA-1 campaign KONIEC: 10 bootow Wed Aug 26 16:19:28 CEST 2026 ===
