[bench] armed sim=97.07 {}
[bench] takeoff sim=97.09 {}
[intruder_motion] gotowy; kontrola=/home/olga/projects/liquidpatrol/results/DET/camp/r7_B/episode_control.json
[bench] offboard sim=108.30 {}
Received ack for not-existing command: 176! Ignoring... (mavlink_command_sender.cpp:304)
[bench] intruder_start_gate sim=108.40 {'episode_id': 24, 'status': 'OK', 'n_setpose': 4, 'wait_sim': 0.1, 'pose': [15.0, 0.0, -10.0], 'attempts': 1, 'start_ned': [15.0, 0.0, -10.0]}
[bench] episode_start sim=108.40 {'episode_id': 24, 'scenario_id': 'c00_s03', 't0_sim': 108.404}
[bench] episode_end sim=180.76 {'episode_id': 24, 't_entry': 2.32, 'refuse': 0, 'breach': False, 't_inj_sim': None, 'denied': False}
[bench] intruder_start_gate sim=187.77 {'episode_id': 25, 'status': 'OK', 'n_setpose': 4, 'wait_sim': 0.152, 'pose': [0.0, 15.0, -10.0], 'attempts': 1, 'start_ned': [0.0, 15.0, -10.0]}
[bench] episode_start sim=187.77 {'episode_id': 25, 'scenario_id': 'c01_s03', 't0_sim': 187.772}
[bench] episode_end sim=260.88 {'episode_id': 25, 't_entry': 3.06, 'refuse': 0, 'breach': False, 't_inj_sim': None, 'denied': False}
[bench] intruder_start_gate sim=270.43 {'episode_id': 26, 'status': 'OK', 'n_setpose': 4, 'wait_sim': 0.156, 'pose': [-15.0, 0.0, -10.0], 'attempts': 1, 'start_ned': [-15.0, 0.0, -10.0]}
[bench] episode_start sim=270.43 {'episode_id': 26, 'scenario_id': 'c02_s03', 't0_sim': 270.432}
[bench] episode_end sim=343.20 {'episode_id': 26, 't_entry': 2.75, 'refuse': 0, 'breach': False, 't_inj_sim': None, 'denied': False}
[bench] intruder_start_gate sim=350.97 {'episode_id': 27, 'status': 'OK', 'n_setpose': 3, 'wait_sim': 0.104, 'pose': [-0.0, -15.0, -10.0], 'attempts': 1, 'start_ned': [-0.0, -15.0, -10.0]}
[bench] episode_start sim=350.97 {'episode_id': 27, 'scenario_id': 'c03_s03', 't0_sim': 350.968}
[bench] episode_end sim=423.73 {'episode_id': 27, 't_entry': 2.75, 'refuse': 0, 'breach': False, 't_inj_sim': None, 'denied': False}
[bench] reset_done sim=431.65 {'in_gate': True}
Received ack for not-existing command: 176! Ignoring... (mavlink_command_sender.cpp:304)
[bench] done -> /home/olga/projects/liquidpatrol/results/DET/camp/r7_B/trace.jsonl (demo n=5719)
