/home/olga/projects/liquidpatrol/.b0deps/lib/python3.12/site-packages/matplotlib/projections/__init__.py:63: UserWarning: Unable to import Axes3D. This may be due to multiple versions of Matplotlib being installed (e.g. as a system package and as a pip package). As a result, the 3D projection is not available.
  warnings.warn("Unable to import Axes3D. This may be due to multiple versions of "
[percep] det_v2=775ead150b993745 feed_sha_v2=8015bd12d7e8852b core=d6a3367b210f47e7 device=cuda
[percep] sim=116.8 frames=185 boxes=150 fresh=109
[percep] sim=131.8 frames=400 boxes=365 fresh=324
[percep] sim=146.8 frames=617 boxes=582 fresh=541
[percep] sim=161.8 frames=838 boxes=803 fresh=762
[percep] sim=176.8 frames=1061 boxes=1026 fresh=985
[percep] sim=191.8 frames=1283 boxes=1091 fresh=1042
[percep] sim=206.8 frames=1500 boxes=1137 fresh=1042
[percep] sim=221.8 frames=1720 boxes=1137 fresh=1042
[percep] sim=236.8 frames=1941 boxes=1137 fresh=1042
[percep] sim=251.8 frames=2168 boxes=1300 fresh=1183
[percep] sim=266.8 frames=2392 boxes=1524 fresh=1407
[percep] sim=281.8 frames=2613 boxes=1745 fresh=1628
[percep] sim=296.8 frames=2836 boxes=1968 fresh=1851
[percep] sim=311.8 frames=3061 boxes=2193 fresh=2076
[percep] sim=326.8 frames=3285 boxes=2254 fresh=2119
[percep] sim=341.8 frames=3507 boxes=2257 fresh=2119
[percep] sim=356.8 frames=3725 boxes=2257 fresh=2119
[percep] sim=371.8 frames=3945 boxes=2261 fresh=2119
[percep] DONE {"n_img_cb": 3995, "n_frames": 3995, "n_boxes": 2266, "n_fresh": 2119, "n_feed_expire": 2, "push_frame_wall_ms": {"n": 3995, "p50": 14.47, "p95": 20.82, "max": 1441.57}, "det_v2_sha": "775ead150b9937453168538cb97c55f69166e27ddc2d93f71b3710e0e49832ce", "feed_sha_v2": "8015bd12d7e8852bdc2e773d8b32c335a21752ea6209c6f245364809e4ed4a9c", "sim_last": 375.144}
