[bench] armed sim=97.08 {}
[intruder_motion] gotowy; kontrola=/home/olga/projects/liquidpatrol/results/DET/camp/r3_V2/episode_control.json
[bench] takeoff sim=97.12 {}
[bench] offboard sim=108.67 {}
Received ack for not-existing command: 176! Ignoring... (mavlink_command_sender.cpp:304)
[bench] intruder_start_gate sim=108.80 {'episode_id': 8, 'status': 'OK', 'n_setpose': 4, 'wait_sim': 0.1, 'pose': [15.0, 0.0, -10.0], 'attempts': 1, 'start_ned': [15.0, 0.0, -10.0]}
[bench] episode_start sim=108.80 {'episode_id': 8, 'scenario_id': 'c08_s01', 't0_sim': 108.8}
[bench] episode_end sim=178.84 {'episode_id': 8, 't_entry': None, 'refuse': 0, 'breach': False, 't_inj_sim': None, 'denied': False}
[bench] intruder_start_gate sim=185.40 {'episode_id': 9, 'status': 'OK', 'n_setpose': 16, 'wait_sim': 0.808, 'pose': [0.0, 15.0, -10.0], 'attempts': 1, 'start_ned': [0.0, 15.0, -10.0]}
[bench] episode_start sim=185.40 {'episode_id': 9, 'scenario_id': 'c09_s01', 't0_sim': 185.396}
[bench] episode_end sim=225.41 {'episode_id': 9, 't_entry': None, 'refuse': 0, 'breach': False, 't_inj_sim': None, 'denied': False}
[bench] intruder_start_gate sim=225.51 {'episode_id': 10, 'status': 'OK', 'n_setpose': 3, 'wait_sim': 0.1, 'pose': [-15.0, 0.0, -10.0], 'attempts': 1, 'start_ned': [-15.0, 0.0, -10.0]}
[bench] episode_start sim=225.51 {'episode_id': 10, 'scenario_id': 'c10_s01', 't0_sim': 225.512}
[bench] episode_end sim=313.22 {'episode_id': 10, 't_entry': 17.7, 'refuse': 0, 'breach': False, 't_inj_sim': None, 'denied': False}
[bench] intruder_start_gate sim=321.30 {'episode_id': 11, 'status': 'OK', 'n_setpose': 13, 'wait_sim': 0.608, 'pose': [-0.0, -15.0, -10.0], 'attempts': 1, 'start_ned': [-0.0, -15.0, -10.0]}
[bench] episode_start sim=321.30 {'episode_id': 11, 'scenario_id': 'c11_s01', 't0_sim': 321.3}
[bench] episode_end sim=391.31 {'episode_id': 11, 't_entry': None, 'refuse': 0, 'breach': False, 't_inj_sim': None, 'denied': False}
[bench] reset_done sim=394.15 {'in_gate': True}
Received ack for not-existing command: 176! Ignoring... (mavlink_command_sender.cpp:304)
[bench] done -> /home/olga/projects/liquidpatrol/results/DET/camp/r3_V2/trace.jsonl (demo n=5276)
