/home/olga/projects/liquidpatrol/.b0deps/lib/python3.12/site-packages/matplotlib/projections/__init__.py:63: UserWarning: Unable to import Axes3D. This may be due to multiple versions of Matplotlib being installed (e.g. as a system package and as a pip package). As a result, the 3D projection is not available.
  warnings.warn("Unable to import Axes3D. This may be due to multiple versions of "
[percep] det_v2=775ead150b993745 feed_sha_v2=8015bd12d7e8852b core=d6a3367b210f47e7 device=cuda
[percep] sim=117.2 frames=72 boxes=65 fresh=44
[percep] sim=132.2 frames=161 boxes=154 fresh=133
[percep] sim=147.2 frames=246 boxes=239 fresh=218
[percep] sim=162.2 frames=344 boxes=337 fresh=316
[percep] sim=177.3 frames=444 boxes=437 fresh=416
[percep] sim=192.2 frames=534 boxes=451 fresh=425
[percep] sim=207.2 frames=629 boxes=451 fresh=425
[percep] sim=222.2 frames=745 boxes=451 fresh=425
[percep] sim=237.2 frames=849 boxes=451 fresh=425
[percep] sim=252.3 frames=959 boxes=528 fresh=488
[percep] sim=267.3 frames=1073 boxes=642 fresh=602
[percep] sim=282.3 frames=1186 boxes=755 fresh=715
[percep] sim=297.3 frames=1313 boxes=882 fresh=842
[percep] sim=312.3 frames=1444 boxes=1013 fresh=973
[percep] sim=327.3 frames=1559 boxes=1066 fresh=1017
[percep] sim=342.3 frames=1681 boxes=1066 fresh=1017
[percep] sim=357.3 frames=1792 boxes=1066 fresh=1017
[percep] sim=372.3 frames=1914 boxes=1066 fresh=1017
[percep] sim=387.3 frames=2041 boxes=1066 fresh=1017
[percep] sim=402.3 frames=2161 boxes=1066 fresh=1017
[percep] DONE {"n_img_cb": 2213, "n_frames": 2213, "n_boxes": 1067, "n_fresh": 1017, "n_feed_expire": 3, "push_frame_wall_ms": {"n": 2213, "p50": 14.74, "p95": 25.18, "max": 1704.62}, "det_v2_sha": "775ead150b9937453168538cb97c55f69166e27ddc2d93f71b3710e0e49832ce", "feed_sha_v2": "8015bd12d7e8852bdc2e773d8b32c335a21752ea6209c6f245364809e4ed4a9c", "sim_last": 408.544}
