[bench] armed sim=99.51 {}
[intruder_motion] gotowy; kontrola=/home/olga/projects/liquidpatrol/results/NET/FLY/f2_mlp_b1/episode_control.json
[bench] takeoff sim=99.53 {}
[bench] offboard sim=110.82 {}
Received ack for not-existing command: 176! Ignoring... (mavlink_command_sender.cpp:304)
[bench] intruder_start_gate sim=110.92 {'episode_id': 0, 'status': 'OK', 'n_setpose': 4, 'wait_sim': 0.1, 'pose': [15.0, 0.0, -10.0], 'attempts': 1, 'start_ned': [15.0, 0.0, -10.0]}
[bench] episode_start sim=110.92 {'episode_id': 0, 'scenario_id': 'c00_s01', 't0_sim': 110.92}
[bench] episode_end sim=183.80 {'episode_id': 0, 't_entry': 2.86, 'refuse': 0, 'breach': False}
[bench] intruder_start_gate sim=189.38 {'episode_id': 1, 'status': 'OK', 'n_setpose': 3, 'wait_sim': 0.1, 'pose': [0.0, 15.0, -10.0], 'attempts': 1, 'start_ned': [0.0, 15.0, -10.0]}
[bench] episode_start sim=189.38 {'episode_id': 1, 'scenario_id': 'c01_s01', 't0_sim': 189.384}
[bench] episode_end sim=262.15 {'episode_id': 1, 't_entry': 2.75, 'refuse': 0, 'breach': False}
[bench] intruder_start_gate sim=268.24 {'episode_id': 2, 'status': 'OK', 'n_setpose': 4, 'wait_sim': 0.156, 'pose': [-15.0, 0.0, -10.0], 'attempts': 1, 'start_ned': [-15.0, 0.0, -10.0]}
[bench] episode_start sim=268.24 {'episode_id': 2, 'scenario_id': 'c02_s01', 't0_sim': 268.236}
[bench] episode_end sim=340.76 {'episode_id': 2, 't_entry': 2.5, 'refuse': 0, 'breach': False}
[bench] intruder_start_gate sim=346.39 {'episode_id': 3, 'status': 'OK', 'n_setpose': 10, 'wait_sim': 0.456, 'pose': [-0.0, -15.0, -10.0], 'attempts': 1, 'start_ned': [-0.0, -15.0, -10.0]}
[bench] episode_start sim=346.39 {'episode_id': 3, 'scenario_id': 'c03_s01', 't0_sim': 346.392}
[bench] episode_end sim=419.04 {'episode_id': 3, 't_entry': 2.64, 'refuse': 0, 'breach': False}
[bench] reset_done sim=426.81 {'in_gate': True}
Received ack for not-existing command: 176! Ignoring... (mavlink_command_sender.cpp:304)
[bench] done -> /home/olga/projects/liquidpatrol/results/NET/FLY/f2_mlp_b1/trace.jsonl (demo n=5723)
