[akw smoke_r1_V2 12:55:53] cooldown 0s
[akw smoke_r1_V2 12:55:53] czekam na SUSTAINED CLEAN (3× co 30s)...
[akw smoke_r1_V2 12:55:59] CLEAN 1/3
[akw smoke_r1_V2 12:56:37] CLEAN 2/3
[akw smoke_r1_V2 12:57:18] CLEAN 3/3
[akw smoke_r1_V2 12:57:18] SUSTAINED CLEAN
[akw smoke_r1_V2] run_boot pid=26136 eps=0,1,2,3 (FEED=V2, CONTROLLER=net_akw, sock=/home/olga/projects/liquidpatrol/results/AKW/camp/smoke_r1_V2/percep.sock)
[akw smoke_r1_V2] po armed: bridge pid=27795 percep pid=27796
[akw smoke_r1_V2 13:08:28] cooldown 0s
[akw smoke_r1_V2 13:08:28] czekam na SUSTAINED CLEAN (3× co 30s)...
[akw smoke_r1_V2 13:08:33] CLEAN 1/3
[akw smoke_r1_V2 13:09:11] CLEAN 2/3
[akw smoke_r1_V2 13:09:49] CLEAN 3/3
[akw smoke_r1_V2 13:09:49] SUSTAINED CLEAN
[akw smoke_r1_V2] run_boot pid=31237 eps=0,1,2,3 (FEED=V2, CONTROLLER=net_akw, sock=/home/olga/projects/liquidpatrol/results/AKW/camp/smoke_r1_V2/percep.sock)
[akw smoke_r1_V2] po armed: bridge pid=32899 percep pid=32900
[akw smoke_r1_V2 13:19:07] wrapper rc=0
[augment] world_hash=True ulog_sha=True model_in_state=True
[run_boot b2] DONE flight=bench world=world_demo_A3 rc=0 finalize=0 → /home/olga/projects/liquidpatrol/results/AKW/camp/smoke_r1_V2
[akw smoke_r1_V2] DONE rc=0 → /home/olga/projects/liquidpatrol/results/AKW/camp/smoke_r1_V2
[akw smoke_r1_V2_rep 13:22:36] cooldown 89s
[akw smoke_r1_V2_rep 13:24:12] czekam na SUSTAINED CLEAN (3× co 30s)...
[akw smoke_r1_V2_rep 13:24:18] CLEAN 1/3
[akw smoke_r1_V2_rep 13:24:55] CLEAN 2/3
[akw smoke_r1_V2_rep 13:25:33] CLEAN 3/3
[akw smoke_r1_V2_rep 13:25:33] SUSTAINED CLEAN
[akw smoke_r1_V2_rep] run_boot pid=36314 eps=0,1,2,3 (FEED=V2, CONTROLLER=net_akw, sock=/home/olga/projects/liquidpatrol/results/AKW/camp/smoke_r1_V2_rep/percep.sock)
[akw smoke_r1_V2_rep] po armed: bridge pid=37960 percep pid=37961
[akw smoke_r1_V2_rep 13:31:56] wrapper rc=0
[augment] world_hash=True ulog_sha=True model_in_state=True
[run_boot b3] DONE flight=bench world=world_demo_A3 rc=0 finalize=0 → /home/olga/projects/liquidpatrol/results/AKW/camp/smoke_r1_V2_rep
[akw smoke_r1_V2_rep] DONE rc=0 → /home/olga/projects/liquidpatrol/results/AKW/camp/smoke_r1_V2_rep
[akw resmoke_r1_V2 18:00:32] cooldown 0s
[akw resmoke_r1_V2 18:00:32] czekam na SUSTAINED CLEAN (3× co 30s)...
[akw resmoke_r1_V2 18:00:38] CLEAN 1/3
[akw resmoke_r1_V2 18:01:14] CLEAN 2/3
[akw resmoke_r1_V2 18:01:50] CLEAN 3/3
[akw resmoke_r1_V2 18:01:50] SUSTAINED CLEAN
[akw resmoke_r1_V2] run_boot pid=12937 eps=0,1,2,3 (FEED=V2, CONTROLLER=net_akw, sock=/home/olga/projects/liquidpatrol/results/AKW/camp/resmoke_r1_V2/percep.sock)
[akw resmoke_r1_V2] po armed: bridge pid=14666 percep pid=14667
[akw resmoke_r1_V2 18:10:28] wrapper rc=0
[augment] world_hash=True ulog_sha=True model_in_state=True
[run_boot b4] DONE flight=bench world=world_demo_A3 rc=0 finalize=0 → /home/olga/projects/liquidpatrol/results/AKW/camp/resmoke_r1_V2
[akw resmoke_r1_V2] DONE rc=0 → /home/olga/projects/liquidpatrol/results/AKW/camp/resmoke_r1_V2
