[bench] armed sim=98.06 {}
[intruder_motion] gotowy; kontrola=/home/olga/projects/liquidpatrol/results/BENCH/reshakeout/boot1/episode_control.json
[bench] takeoff sim=98.10 {}
[bench] offboard sim=109.47 {}
Received ack for not-existing command: 176! Ignoring... (mavlink_command_sender.cpp:304)
[bench] intruder_start_gate sim=109.57 {'episode_id': 0, 'status': 'OK', 'n_setpose': 4, 'wait_sim': 0.096, 'pose': [15.0, 0.0, -10.0], 'attempts': 1, 'start_ned': [15.0, 0.0, -10.0]}
[bench] episode_start sim=109.57 {'episode_id': 0, 'scenario_id': 'c00_s01', 't0_sim': 109.568}
[bench] episode_end sim=182.44 {'episode_id': 0, 't_entry': 2.87, 'refuse': 0, 'breach': False}
[bench] intruder_start_gate sim=192.14 {'episode_id': 5, 'status': 'OK', 'n_setpose': 7, 'wait_sim': 0.304, 'pose': [0.0, 15.0, -10.0], 'attempts': 1, 'start_ned': [0.0, 15.0, -10.0]}
[bench] episode_start sim=192.14 {'episode_id': 5, 'scenario_id': 'c05_s01', 't0_sim': 192.14}
[bench] episode_end sim=264.82 {'episode_id': 5, 't_entry': 2.65, 'refuse': 0, 'breach': False}
[bench] intruder_start_gate sim=269.29 {'episode_id': 10, 'status': 'OK', 'n_setpose': 13, 'wait_sim': 0.608, 'pose': [-15.0, 0.0, -10.0], 'attempts': 1, 'start_ned': [-15.0, 0.0, -10.0]}
[bench] episode_start sim=269.29 {'episode_id': 10, 'scenario_id': 'c10_s01', 't0_sim': 269.292}
[bench] episode_end sim=340.82 {'episode_id': 10, 't_entry': 1.52, 'refuse': 0, 'breach': False}
[bench] intruder_start_gate sim=347.58 {'episode_id': 11, 'status': 'OK', 'n_setpose': 4, 'wait_sim': 0.16, 'pose': [0.0, -15.0, -10.0], 'attempts': 1, 'start_ned': [-0.0, -15.0, -10.0]}
[bench] episode_start sim=347.59 {'episode_id': 11, 'scenario_id': 'c11_s01', 't0_sim': 347.584}
[bench] episode_end sim=420.72 {'episode_id': 11, 't_entry': 3.13, 'refuse': 0, 'breach': False}
[bench] reset_done sim=428.39 {'in_gate': True}
Received ack for not-existing command: 176! Ignoring... (mavlink_command_sender.cpp:304)
[bench] done -> /home/olga/projects/liquidpatrol/results/BENCH/reshakeout/boot1/trace.jsonl (demo n=5712)
