[bench] armed sim=99.64 {}
[intruder_motion] gotowy; kontrola=/home/olga/projects/liquidpatrol/results/NET/FLY/f2_ncp_b4/episode_control.json
[bench] takeoff sim=99.66 {}
[bench] offboard sim=111.24 {}
Received ack for not-existing command: 176! Ignoring... (mavlink_command_sender.cpp:304)
[bench] intruder_start_gate sim=111.33 {'episode_id': 12, 'status': 'OK', 'n_setpose': 9, 'wait_sim': 0.088, 'pose': [15.0, 0.0, -10.0], 'attempts': 1, 'start_ned': [15.0, 0.0, -10.0]}
[bench] episode_start sim=111.33 {'episode_id': 12, 'scenario_id': 'c00_s02', 't0_sim': 111.328}
[bench] episode_end sim=184.16 {'episode_id': 12, 't_entry': 2.78, 'refuse': 0, 'breach': False}
[bench] intruder_start_gate sim=189.34 {'episode_id': 13, 'status': 'OK', 'n_setpose': 3, 'wait_sim': 0.1, 'pose': [0.0, 15.0, -10.0], 'attempts': 1, 'start_ned': [0.0, 15.0, -10.0]}
[bench] episode_start sim=189.34 {'episode_id': 13, 'scenario_id': 'c01_s02', 't0_sim': 189.336}
[bench] episode_end sim=262.21 {'episode_id': 13, 't_entry': 2.86, 'refuse': 0, 'breach': False}
[bench] intruder_start_gate sim=271.50 {'episode_id': 14, 'status': 'OK', 'n_setpose': 3, 'wait_sim': 0.1, 'pose': [-15.0, 0.0, -10.0], 'attempts': 1, 'start_ned': [-15.0, 0.0, -10.0]}
[bench] episode_start sim=271.50 {'episode_id': 14, 'scenario_id': 'c02_s02', 't0_sim': 271.496}
[bench] episode_end sim=343.86 {'episode_id': 14, 't_entry': 2.34, 'refuse': 0, 'breach': False}
[bench] intruder_start_gate sim=353.24 {'episode_id': 15, 'status': 'OK', 'n_setpose': 3, 'wait_sim': 0.144, 'pose': [0.0, -15.0, -10.0], 'attempts': 1, 'start_ned': [-0.0, -15.0, -10.0]}
[bench] episode_start sim=353.24 {'episode_id': 15, 'scenario_id': 'c03_s02', 't0_sim': 353.24}
[bench] episode_end sim=426.32 {'episode_id': 15, 't_entry': 3.05, 'refuse': 0, 'breach': False}
[bench] reset_done sim=435.90 {'in_gate': True}
Received ack for not-existing command: 176! Ignoring... (mavlink_command_sender.cpp:304)
[bench] done -> /home/olga/projects/liquidpatrol/results/NET/FLY/f2_ncp_b4/trace.jsonl (demo n=5727)
