/home/olga/projects/liquidpatrol/.b0deps/lib/python3.12/site-packages/matplotlib/projections/__init__.py:63: UserWarning: Unable to import Axes3D. This may be due to multiple versions of Matplotlib being installed (e.g. as a system package and as a pip package). As a result, the 3D projection is not available.
  warnings.warn("Unable to import Axes3D. This may be due to multiple versions of "
[percep] det_v2=775ead150b993745 feed_sha_v2=8015bd12d7e8852b core=d6a3367b210f47e7 device=cuda
[percep] sim=117.0 frames=87 boxes=81 fresh=51
[percep] sim=132.0 frames=193 boxes=187 fresh=157
[percep] sim=147.0 frames=296 boxes=290 fresh=260
[percep] sim=162.0 frames=401 boxes=395 fresh=365
[percep] sim=177.0 frames=493 boxes=487 fresh=457
[percep] sim=192.0 frames=587 boxes=523 fresh=492
[percep] sim=207.0 frames=692 boxes=581 fresh=533
[percep] sim=222.0 frames=788 boxes=677 fresh=629
[percep] sim=237.0 frames=887 boxes=776 fresh=728
[percep] sim=252.0 frames=1005 boxes=894 fresh=846
[percep] sim=267.0 frames=1123 boxes=1012 fresh=964
[percep] sim=282.1 frames=1226 boxes=1044 fresh=991
[percep] sim=297.1 frames=1334 boxes=1083 fresh=1013
[percep] sim=312.1 frames=1435 boxes=1184 fresh=1114
[percep] sim=327.1 frames=1541 boxes=1290 fresh=1220
[percep] sim=342.1 frames=1668 boxes=1417 fresh=1347
[percep] sim=357.1 frames=1788 boxes=1537 fresh=1467
[percep] sim=372.1 frames=1895 boxes=1590 fresh=1519
[percep] sim=387.1 frames=2013 boxes=1599 fresh=1519
[percep] sim=402.1 frames=2142 boxes=1601 fresh=1519
[percep] sim=417.1 frames=2259 boxes=1601 fresh=1519
[percep] DONE {"n_img_cb": 2322, "n_frames": 2322, "n_boxes": 1602, "n_fresh": 1519, "n_feed_expire": 2, "push_frame_wall_ms": {"n": 2322, "p50": 14.65, "p95": 24.03, "max": 1366.44}, "det_v2_sha": "775ead150b9937453168538cb97c55f69166e27ddc2d93f71b3710e0e49832ce", "feed_sha_v2": "8015bd12d7e8852bdc2e773d8b32c335a21752ea6209c6f245364809e4ed4a9c", "sim_last": 424.76}
