/home/olga/projects/liquidpatrol/.b0deps/lib/python3.12/site-packages/matplotlib/projections/__init__.py:63: UserWarning: Unable to import Axes3D. This may be due to multiple versions of Matplotlib being installed (e.g. as a system package and as a pip package). As a result, the 3D projection is not available.
  warnings.warn("Unable to import Axes3D. This may be due to multiple versions of "
[percep] det_v2=775ead150b993745 feed_sha_v2=8015bd12d7e8852b core=d6a3367b210f47e7 device=cuda
[percep] sim=117.3 frames=100 boxes=18 fresh=4
[percep] sim=132.3 frames=234 boxes=64 fresh=4
[percep] sim=147.3 frames=366 boxes=132 fresh=4
[percep] sim=162.3 frames=491 boxes=164 fresh=4
[percep] sim=177.1 frames=618 boxes=250 fresh=63
[percep] sim=192.1 frames=727 boxes=321 fresh=119
[percep] sim=207.1 frames=843 boxes=437 fresh=218
[percep] sim=222.1 frames=965 boxes=559 fresh=340
[percep] sim=237.1 frames=1072 boxes=666 fresh=447
[percep] sim=252.1 frames=1174 boxes=768 fresh=549
[percep] sim=267.1 frames=1304 boxes=898 fresh=679
[percep] sim=282.2 frames=1415 boxes=908 fresh=679
[percep] sim=297.2 frames=1531 boxes=963 fresh=695
[percep] sim=312.2 frames=1650 boxes=1082 fresh=814
[percep] sim=327.2 frames=1773 boxes=1205 fresh=937
[percep] sim=342.2 frames=1901 boxes=1333 fresh=1065
[percep] sim=357.2 frames=2022 boxes=1454 fresh=1186
[percep] sim=372.2 frames=2139 boxes=1547 fresh=1278
[percep] sim=387.2 frames=2265 boxes=1566 fresh=1278
[percep] sim=402.2 frames=2407 boxes=1707 fresh=1410
[percep] sim=417.2 frames=2537 boxes=1837 fresh=1540
[percep] sim=432.2 frames=2689 boxes=1989 fresh=1692
[percep] sim=447.2 frames=2811 boxes=2111 fresh=1814
[percep] sim=462.2 frames=2956 boxes=2256 fresh=1959
[percep] sim=477.2 frames=3106 boxes=2272 fresh=1972
[percep] DONE {"n_img_cb": 3153, "n_frames": 3153, "n_boxes": 2277, "n_fresh": 1972, "n_feed_expire": 3, "push_frame_wall_ms": {"n": 3153, "p50": 13.96, "p95": 19.23, "max": 1454.58}, "det_v2_sha": "775ead150b9937453168538cb97c55f69166e27ddc2d93f71b3710e0e49832ce", "feed_sha_v2": "8015bd12d7e8852bdc2e773d8b32c335a21752ea6209c6f245364809e4ed4a9c", "sim_last": 482.036}
