1 ruby 732692 140
1 ruby 660412 73.5
1 python3 70736 1.1
1 MicroXRCEAgent 25592 1.4
1 px4 21292 12.4
1 python3 5112 0.0
MEMFREE 11690 AVAIL 13665
2 ruby 736844 140
2 ruby 660952 73.6
2 python3 83756 42.6
2 python3 70980 1.0
2 MicroXRCEAgent 25680 1.4
2 px4 21292 12.5
MEMFREE 11602 AVAIL 13586
3 ruby 740956 140
3 ruby 661504 73.6
3 python3 83764 19.0
3 python3 70980 1.0
3 MicroXRCEAgent 25680 1.5
3 px4 21292 12.5
MEMFREE 11597 AVAIL 13582
4 ruby 744532 140
4 ruby 662044 74.1
4 python3 83764 13.7
4 python3 70980 1.0
4 MicroXRCEAgent 25688 1.5
4 px4 21292 12.6
MEMFREE 11595 AVAIL 13580
5 ruby 748508 140
5 ruby 662596 74.3
5 python3 83764 11.3
5 python3 70980 0.9
5 MicroXRCEAgent 25688 1.6
5 px4 21292 12.7
MEMFREE 11590 AVAIL 13575
6 ruby 752752 140
6 ruby 663132 74.3
6 python3 83764 9.7
6 python3 70980 0.9
6 MicroXRCEAgent 25688 1.6
6 px4 21292 12.7
MEMFREE 11589 AVAIL 13575
7 ruby 756908 140
7 ruby 663688 74.4
7 python3 83764 8.7
7 python3 70980 0.9
7 MicroXRCEAgent 25688 1.6
7 px4 21292 12.7
MEMFREE 11582 AVAIL 13568
8 ruby 761108 140
8 ruby 664228 74.3
8 python3 83764 8.0
8 python3 70980 0.8
8 MicroXRCEAgent 25688 1.6
8 px4 21292 12.8
MEMFREE 11584 AVAIL 13571
9 ruby 765220 140
9 ruby 664772 74.4
9 python3 83764 7.5
9 python3 70980 0.8
9 MicroXRCEAgent 25688 1.6
9 px4 21292 12.8
MEMFREE 11581 AVAIL 13567
10 ruby 769328 140
10 ruby 665308 74.3
10 python3 83764 6.9
10 python3 70980 0.8
10 MicroXRCEAgent 25688 1.7
10 px4 21292 12.8
MEMFREE 11579 AVAIL 13566
11 ruby 773352 140
11 ruby 665860 74.4
11 python3 83764 6.6
11 python3 70980 0.8
11 MicroXRCEAgent 25688 1.7
11 px4 21292 12.8
MEMFREE 11577 AVAIL 13564
12 ruby 776972 141
12 ruby 666400 74.8
12 python3 83768 6.9
12 python3 70980 0.7
12 MicroXRCEAgent 25688 1.7
12 px4 21292 13.0
MEMFREE 11573 AVAIL 13561
13 ruby 781304 141
13 ruby 666952 74.9
13 python3 83768 6.8
13 python3 70980 0.7
13 MicroXRCEAgent 25688 1.7
13 px4 21292 13.0
MEMFREE 11569 AVAIL 13557
14 ruby 785684 141
14 ruby 667488 74.9
14 python3 83768 6.7
14 python3 70980 0.7
14 MicroXRCEAgent 25688 1.7
14 px4 21292 13.0
MEMFREE 11565 AVAIL 13553
15 ruby 790020 141
15 ruby 668048 74.9
15 python3 83768 6.7
15 python3 70980 0.7
15 MicroXRCEAgent 25688 1.7
15 px4 21292 13.0
MEMFREE 11560 AVAIL 13549
16 ruby 794220 141
16 ruby 668584 75.0
16 python3 83768 6.4
16 python3 70980 0.7
16 MicroXRCEAgent 25688 1.7
16 px4 21292 13.1
MEMFREE 11552 AVAIL 13541
17 ruby 798420 141
17 ruby 669136 75.1
17 python3 70812 0.6
17 MicroXRCEAgent 25688 1.8
17 px4 21292 13.1
MEMFREE 11591 AVAIL 13580
18 ruby 802708 142
18 ruby 669676 75.1
18 python3 70812 0.6
18 MicroXRCEAgent 25688 1.8
18 px4 21292 13.1
MEMFREE 11589 AVAIL 13579
19 ruby 806684 142
19 ruby 670228 75.3
19 python3 70812 0.6
19 MicroXRCEAgent 25692 1.8
19 px4 21292 13.2
MEMFREE 11587 AVAIL 13576
20 ruby 810660 142
20 ruby 670764 75.5
20 python3 70812 0.6
20 MicroXRCEAgent 25692 1.8
20 px4 21292 13.2
MEMFREE 11582 AVAIL 13573
21 ruby 814952 142
21 ruby 671320 75.5
21 python3 70812 0.6
21 MicroXRCEAgent 25692 1.8
21 px4 21292 13.2
MEMFREE 11577 AVAIL 13568
22 ruby 819244 143
22 ruby 671860 75.6
22 python3 70812 0.6
22 MicroXRCEAgent 25692 1.8
22 px4 21292 13.3
MEMFREE 11575 AVAIL 13566
23 ruby 823576 143
23 ruby 672412 75.7
23 python3 70812 0.6
23 MicroXRCEAgent 25692 1.8
23 px4 21292 13.3
MEMFREE 11572 AVAIL 13563
24 ruby 827956 143
24 ruby 672952 75.7
24 python3 70812 0.6
24 MicroXRCEAgent 25692 1.8
24 px4 21292 13.3
MEMFREE 11566 AVAIL 13558
25 ruby 832292 143
25 ruby 673504 75.7
25 python3 70812 0.6
25 MicroXRCEAgent 25692 1.8
25 px4 21292 13.3
MEMFREE 11562 AVAIL 13553
26 ruby 836360 143
26 ruby 674044 75.8
26 python3 70812 0.5
26 MicroXRCEAgent 25692 1.8
26 px4 21292 13.4
MEMFREE 11559 AVAIL 13551
27 ruby 840112 143
27 ruby 674596 76.1
27 python3 70812 0.5
27 MicroXRCEAgent 25692 1.8
27 px4 21292 13.4
MEMFREE 11551 AVAIL 13543
28 ruby 844312 144
28 ruby 675132 76.2
28 python3 70812 0.5
28 MicroXRCEAgent 25692 1.8
28 px4 21292 13.4
MEMFREE 11546 AVAIL 13539
29 ruby 848600 144
29 ruby 675688 76.2
29 python3 70812 0.5
29 MicroXRCEAgent 25692 1.8
29 px4 21292 13.5
MEMFREE 11539 AVAIL 13532
30 ruby 852936 144
30 ruby 676224 76.2
30 python3 70812 0.5
30 MicroXRCEAgent 25692 1.8
30 px4 21292 13.5
MEMFREE 11534 AVAIL 13527
