[bench] armed sim=97.08 {}
[intruder_motion] gotowy; kontrola=/home/olga/projects/liquidpatrol/results/DET/camp/r4_V2/episode_control.json
[bench] takeoff sim=97.10 {}
[bench] offboard sim=108.62 {}
Received ack for not-existing command: 176! Ignoring... (mavlink_command_sender.cpp:304)
[bench] intruder_start_gate sim=108.75 {'episode_id': 12, 'status': 'OK', 'n_setpose': 4, 'wait_sim': 0.1, 'pose': [15.0, 0.0, -10.0], 'attempts': 1, 'start_ned': [15.0, 0.0, -10.0]}
[bench] episode_start sim=108.75 {'episode_id': 12, 'scenario_id': 'c00_s02', 't0_sim': 108.748}
[bench] episode_end sim=182.46 {'episode_id': 12, 't_entry': 3.7, 'refuse': 0, 'breach': False, 't_inj_sim': None, 'denied': False}
[bench] intruder_start_gate sim=188.28 {'episode_id': 13, 'status': 'OK', 'n_setpose': 25, 'wait_sim': 1.256, 'pose': [0.0, 15.0, -10.0], 'attempts': 1, 'start_ned': [0.0, 15.0, -10.0]}
[bench] episode_start sim=188.28 {'episode_id': 13, 'scenario_id': 'c01_s02', 't0_sim': 188.28}
[bench] episode_end sim=228.30 {'episode_id': 13, 't_entry': None, 'refuse': 0, 'breach': False, 't_inj_sim': None, 'denied': False}
[bench] intruder_start_gate sim=232.00 {'episode_id': 14, 'status': 'OK', 'n_setpose': 3, 'wait_sim': 0.14, 'pose': [-15.0, 0.0, -10.0], 'attempts': 1, 'start_ned': [-15.0, 0.0, -10.0]}
[bench] episode_start sim=232.00 {'episode_id': 14, 'scenario_id': 'c02_s02', 't0_sim': 231.996}
[bench] episode_end sim=272.01 {'episode_id': 14, 't_entry': None, 'refuse': 0, 'breach': False, 't_inj_sim': None, 'denied': False}
[bench] intruder_start_gate sim=272.11 {'episode_id': 15, 'status': 'OK', 'n_setpose': 3, 'wait_sim': 0.1, 'pose': [0.0, -15.0, -10.0], 'attempts': 1, 'start_ned': [-0.0, -15.0, -10.0]}
[bench] episode_start sim=272.11 {'episode_id': 15, 'scenario_id': 'c03_s02', 't0_sim': 272.112}
[bench] episode_end sim=312.14 {'episode_id': 15, 't_entry': None, 'refuse': 0, 'breach': False, 't_inj_sim': None, 'denied': False}
[bench] reset_done sim=312.14 {'in_gate': True}
Received ack for not-existing command: 176! Ignoring... (mavlink_command_sender.cpp:304)
[bench] done -> /home/olga/projects/liquidpatrol/results/DET/camp/r4_V2/trace.jsonl (demo n=3824)
