[bench] armed sim=97.09 {}
[intruder_motion] gotowy; kontrola=/home/olga/projects/liquidpatrol/results/AKW/camp/smoke_r1_V2/episode_control.json
[bench] takeoff sim=97.11 {}
[bench] offboard sim=108.54 {}
Received ack for not-existing command: 176! Ignoring... (mavlink_command_sender.cpp:304)
[bench] intruder_start_gate sim=108.68 {'episode_id': 0, 'status': 'OK', 'n_setpose': 4, 'wait_sim': 0.1, 'pose': [15.0, 0.0, -10.0], 'attempts': 1, 'start_ned': [15.0, 0.0, -10.0]}
[bench] episode_start sim=108.68 {'episode_id': 0, 'scenario_id': 'c00_s01', 't0_sim': 108.676}
[bench] episode_end sim=178.70 {'episode_id': 0, 't_entry': None, 'refuse': 0, 'breach': False, 't_inj_sim': None, 'denied': False}
[bench] intruder_start_gate sim=185.90 {'episode_id': 1, 'status': 'OK', 'n_setpose': 4, 'wait_sim': 0.152, 'pose': [0.0, 15.0, -10.0], 'attempts': 1, 'start_ned': [0.0, 15.0, -10.0]}
[bench] episode_start sim=185.90 {'episode_id': 1, 'scenario_id': 'c01_s01', 't0_sim': 185.904}
Exception in thread Thread-3 (_spin):
Traceback (most recent call last):
  File "/usr/lib/python3.12/threading.py", line 1073, in _bootstrap_inner
    self.run()
  File "/usr/lib/python3.12/threading.py", line 1010, in run
    self._target(*self._args, **self._kwargs)
  File "/home/olga/projects/liquidpatrol/bench/bench_flight.py", line 250, in _spin
    rclpy.spin_once(ekf, timeout_sec=0.02)
  File "/opt/ros/jazzy/lib/python3.12/site-packages/rclpy/__init__.py", line 226, in spin_once
    executor.spin_once(timeout_sec=timeout_sec)
  File "/opt/ros/jazzy/lib/python3.12/site-packages/rclpy/executors.py", line 926, in spin_once
    self._spin_once_impl(timeout_sec)
  File "/opt/ros/jazzy/lib/python3.12/site-packages/rclpy/executors.py", line 907, in _spin_once_impl
    handler, entity, node = self.wait_for_ready_callbacks(
                            ^^^^^^^^^^^^^^^^^^^^^^^^^^^^^^
  File "/opt/ros/jazzy/lib/python3.12/site-packages/rclpy/executors.py", line 877, in wait_for_ready_callbacks
    return next(self._cb_iter)
           ^^^^^^^^^^^^^^^^^^^
  File "/opt/ros/jazzy/lib/python3.12/site-packages/rclpy/executors.py", line 785, in _wait_for_ready_callbacks
    raise ExternalShutdownException()
rclpy.executors.ExternalShutdownException
