/home/olga/projects/liquidpatrol/.b0deps/lib/python3.12/site-packages/matplotlib/projections/__init__.py:63: UserWarning: Unable to import Axes3D. This may be due to multiple versions of Matplotlib being installed (e.g. as a system package and as a pip package). As a result, the 3D projection is not available.
  warnings.warn("Unable to import Axes3D. This may be due to multiple versions of "
[percep] det_v2=775ead150b993745 feed_sha_v2=8015bd12d7e8852b core=d6a3367b210f47e7 device=cuda
[percep] sim=117.4 frames=89 boxes=80 fresh=63
[percep] sim=132.4 frames=182 boxes=173 fresh=156
[percep] sim=147.4 frames=269 boxes=260 fresh=243
[percep] sim=162.4 frames=378 boxes=369 fresh=352
[percep] sim=177.4 frames=473 boxes=464 fresh=447
[percep] sim=192.4 frames=587 boxes=518 fresh=495
[percep] sim=207.4 frames=691 boxes=521 fresh=495
[percep] sim=222.4 frames=799 boxes=629 fresh=563
[percep] sim=237.4 frames=903 boxes=733 fresh=667
[percep] sim=252.4 frames=1002 boxes=832 fresh=766
[percep] sim=267.4 frames=1095 boxes=889 fresh=817
[percep] sim=282.4 frames=1177 boxes=889 fresh=817
[percep] sim=297.4 frames=1255 boxes=889 fresh=817
[percep] sim=312.4 frames=1332 boxes=889 fresh=817
[percep] sim=327.4 frames=1420 boxes=889 fresh=817
[percep] sim=342.5 frames=1501 boxes=889 fresh=817
[percep] sim=357.5 frames=1575 boxes=889 fresh=817
[percep] sim=372.5 frames=1662 boxes=969 fresh=871
[percep] sim=387.5 frames=1735 boxes=1042 fresh=944
[percep] sim=402.5 frames=1824 boxes=1131 fresh=1033
[percep] sim=417.5 frames=1909 boxes=1216 fresh=1118
[percep] sim=432.5 frames=1998 boxes=1305 fresh=1207
[percep] sim=447.5 frames=2087 boxes=1327 fresh=1227
[percep] sim=457.6 frames=2162 boxes=1331 fresh=1227
[percep] DONE {"n_img_cb": 2162, "n_frames": 2162, "n_boxes": 1331, "n_fresh": 1227, "n_feed_expire": 3, "push_frame_wall_ms": {"n": 2162, "p50": 15.33, "p95": 27.77, "max": 1783.89}, "det_v2_sha": "775ead150b9937453168538cb97c55f69166e27ddc2d93f71b3710e0e49832ce", "feed_sha_v2": "8015bd12d7e8852bdc2e773d8b32c335a21752ea6209c6f245364809e4ed4a9c", "sim_last": 457.56}
