/home/olga/projects/liquidpatrol/.b0deps/lib/python3.12/site-packages/matplotlib/projections/__init__.py:63: UserWarning: Unable to import Axes3D. This may be due to multiple versions of Matplotlib being installed (e.g. as a system package and as a pip package). As a result, the 3D projection is not available.
  warnings.warn("Unable to import Axes3D. This may be due to multiple versions of "
[percep] det_v2=775ead150b993745 feed_sha_v2=8015bd12d7e8852b core=d6a3367b210f47e7 device=cuda
[percep] sim=117.6 frames=91 boxes=24 fresh=1
[percep] sim=132.6 frames=222 boxes=76 fresh=1
[percep] sim=147.6 frames=354 boxes=164 fresh=78
[percep] sim=162.6 frames=478 boxes=288 fresh=202
[percep] sim=177.6 frames=611 boxes=421 fresh=335
[percep] sim=192.6 frames=739 boxes=489 fresh=391
[percep] sim=207.6 frames=875 boxes=621 fresh=512
[percep] sim=222.6 frames=1026 boxes=772 fresh=663
[percep] sim=237.6 frames=1169 boxes=915 fresh=806
[percep] sim=252.6 frames=1324 boxes=1070 fresh=961
[percep] sim=267.6 frames=1487 boxes=1233 fresh=1123
[percep] sim=282.6 frames=1625 boxes=1265 fresh=1138
[percep] sim=297.6 frames=1761 boxes=1372 fresh=1235
[percep] sim=312.6 frames=1901 boxes=1512 fresh=1375
[percep] sim=327.6 frames=2040 boxes=1651 fresh=1514
[percep] sim=342.6 frames=2167 boxes=1778 fresh=1641
[percep] sim=357.6 frames=2290 boxes=1901 fresh=1764
[percep] sim=372.6 frames=2406 boxes=1926 fresh=1787
[percep] sim=387.6 frames=2537 boxes=1988 fresh=1839
[percep] sim=402.6 frames=2670 boxes=2121 fresh=1972
[percep] sim=417.6 frames=2787 boxes=2238 fresh=2089
[percep] sim=432.6 frames=2905 boxes=2356 fresh=2207
[percep] sim=447.6 frames=3045 boxes=2496 fresh=2347
[percep] sim=462.6 frames=3168 boxes=2583 fresh=2431
[percep] sim=476.2 frames=3282 boxes=2583 fresh=2431
[percep] DONE {"n_img_cb": 3282, "n_frames": 3282, "n_boxes": 2583, "n_fresh": 2431, "n_feed_expire": 5, "push_frame_wall_ms": {"n": 3282, "p50": 15.09, "p95": 26.35, "max": 1452.1}, "det_v2_sha": "775ead150b9937453168538cb97c55f69166e27ddc2d93f71b3710e0e49832ce", "feed_sha_v2": "8015bd12d7e8852bdc2e773d8b32c335a21752ea6209c6f245364809e4ed4a9c", "sim_last": 476.212}
