[bench] armed sim=98.07 {}
[intruder_motion] gotowy; kontrola=/home/olga/projects/liquidpatrol/results/DET/camp/r6_V2/episode_control.json
[bench] takeoff sim=98.10 {}
[bench] offboard sim=109.54 {}
Received ack for not-existing command: 176! Ignoring... (mavlink_command_sender.cpp:304)
[bench] intruder_start_gate sim=109.67 {'episode_id': 20, 'status': 'OK', 'n_setpose': 4, 'wait_sim': 0.108, 'pose': [15.0, 0.0, -10.0], 'attempts': 1, 'start_ned': [15.0, 0.0, -10.0]}
[bench] episode_start sim=109.67 {'episode_id': 20, 'scenario_id': 'c08_s02', 't0_sim': 109.672}
[bench] episode_end sim=182.48 {'episode_id': 20, 't_entry': 2.76, 'refuse': 0, 'breach': False, 't_inj_sim': None, 'denied': False}
[bench] intruder_start_gate sim=187.40 {'episode_id': 21, 'status': 'OK', 'n_setpose': 5, 'wait_sim': 0.204, 'pose': [0.0, 15.0, -10.0], 'attempts': 1, 'start_ned': [0.0, 15.0, -10.0]}
[bench] episode_start sim=187.40 {'episode_id': 21, 'scenario_id': 'c09_s02', 't0_sim': 187.4}
[bench] episode_end sim=277.41 {'episode_id': 21, 't_entry': 20.01, 'refuse': 0, 'breach': False, 't_inj_sim': None, 'denied': False}
[bench] intruder_start_gate sim=284.54 {'episode_id': 22, 'status': 'OK', 'n_setpose': 49, 'wait_sim': 2.512, 'pose': [-15.0, 0.0, -10.0], 'attempts': 1, 'start_ned': [-15.0, 0.0, -10.0]}
[bench] episode_start sim=284.54 {'episode_id': 22, 'scenario_id': 'c10_s02', 't0_sim': 284.54}
[bench] episode_end sim=324.58 {'episode_id': 22, 't_entry': None, 'refuse': 0, 'breach': False, 't_inj_sim': None, 'denied': False}
[bench] intruder_start_gate sim=325.08 {'episode_id': 23, 'status': 'OK', 'n_setpose': 11, 'wait_sim': 0.508, 'pose': [-0.0, -15.0, -10.0], 'attempts': 1, 'start_ned': [-0.0, -15.0, -10.0]}
[bench] episode_start sim=325.08 {'episode_id': 23, 'scenario_id': 'c11_s02', 't0_sim': 325.084}
[bench] episode_end sim=365.10 {'episode_id': 23, 't_entry': None, 'refuse': 0, 'breach': False, 't_inj_sim': None, 'denied': False}
[bench] reset_done sim=365.10 {'in_gate': True}
Received ack for not-existing command: 176! Ignoring... (mavlink_command_sender.cpp:304)
[bench] done -> /home/olga/projects/liquidpatrol/results/DET/camp/r6_V2/trace.jsonl (demo n=4792)
