/home/olga/projects/liquidpatrol/.b0deps/lib/python3.12/site-packages/matplotlib/projections/__init__.py:63: UserWarning: Unable to import Axes3D. This may be due to multiple versions of Matplotlib being installed (e.g. as a system package and as a pip package). As a result, the 3D projection is not available.
  warnings.warn("Unable to import Axes3D. This may be due to multiple versions of "
[percep] det_v2=775ead150b993745 feed_sha_v2=8015bd12d7e8852b core=d6a3367b210f47e7 device=cuda
[percep] sim=117.9 frames=86 boxes=74 fresh=54
[percep] sim=132.9 frames=189 boxes=177 fresh=157
[percep] sim=147.9 frames=300 boxes=288 fresh=268
[percep] sim=162.9 frames=412 boxes=400 fresh=380
[percep] sim=177.9 frames=521 boxes=509 fresh=489
[percep] sim=192.9 frames=631 boxes=565 fresh=536
[percep] sim=207.9 frames=764 boxes=588 fresh=547
[percep] sim=222.9 frames=886 boxes=710 fresh=669
[percep] sim=237.9 frames=1007 boxes=831 fresh=790
[percep] sim=252.9 frames=1141 boxes=965 fresh=924
[percep] sim=267.9 frames=1278 boxes=1102 fresh=1061
[percep] sim=282.9 frames=1397 boxes=1181 fresh=1138
[percep] sim=297.9 frames=1512 boxes=1181 fresh=1138
[percep] sim=312.9 frames=1658 boxes=1181 fresh=1138
[percep] sim=327.9 frames=1796 boxes=1181 fresh=1138
[percep] sim=342.9 frames=1925 boxes=1181 fresh=1138
[percep] sim=357.9 frames=2060 boxes=1181 fresh=1138
[percep] sim=372.9 frames=2199 boxes=1181 fresh=1138
[percep] DONE {"n_img_cb": 2261, "n_frames": 2261, "n_boxes": 1185, "n_fresh": 1138, "n_feed_expire": 2, "push_frame_wall_ms": {"n": 2261, "p50": 13.95, "p95": 19.91, "max": 1581.49}, "det_v2_sha": "775ead150b9937453168538cb97c55f69166e27ddc2d93f71b3710e0e49832ce", "feed_sha_v2": "8015bd12d7e8852bdc2e773d8b32c335a21752ea6209c6f245364809e4ed4a9c", "sim_last": 379.46}
