==================== BOOT 1/3 ====================
[boot1] gz_up=yes renderer=D3D12 (NVIDIA GeForce RTX 5070 Ti Laptop GPU) RTF=0.99989976004905512
[boot1] mission=WYNIK: PASS  max przerwa pozycji: 0.02s
[boot1] pad-check: brak nowego CaptureCrash/oops w trakcie biegu (spontanicznie) OK
[boot1] teardown done
==================== BOOT 2/3 ====================
[boot2] gz_up=yes renderer=D3D12 (NVIDIA GeForce RTX 5070 Ti Laptop GPU) RTF=1.0000395015603116
[boot2] mission=WYNIK: PASS  max przerwa pozycji: 0.02s
[boot2] pad-check: brak nowego CaptureCrash/oops w trakcie biegu (spontanicznie) OK
[boot2] teardown done
==================== BOOT 3/3 ====================
[boot3] gz_up=yes renderer=D3D12 (NVIDIA GeForce RTX 5070 Ti Laptop GPU) RTF=1.0428007124414467
[boot3] mission=WYNIK: PASS  max przerwa pozycji: 0.03s
[boot3] pad-check: brak nowego CaptureCrash/oops w trakcie biegu (spontanicznie) OK
[boot3] teardown done
==================== PODSUMOWANIE ====================
[boot1] gz_up=yes renderer=D3D12 (NVIDIA GeForce RTX 5070 Ti Laptop GPU) RTF=0.99989976004905512
[boot1] mission=WYNIK: PASS  max przerwa pozycji: 0.02s
[boot1] pad-check: brak nowego CaptureCrash/oops w trakcie biegu (spontanicznie) OK
[boot2] gz_up=yes renderer=D3D12 (NVIDIA GeForce RTX 5070 Ti Laptop GPU) RTF=1.0000395015603116
[boot2] mission=WYNIK: PASS  max przerwa pozycji: 0.02s
[boot2] pad-check: brak nowego CaptureCrash/oops w trakcie biegu (spontanicznie) OK
[boot3] gz_up=yes renderer=D3D12 (NVIDIA GeForce RTX 5070 Ti Laptop GPU) RTF=1.0428007124414467
[boot3] mission=WYNIK: PASS  max przerwa pozycji: 0.03s
[boot3] pad-check: brak nowego CaptureCrash/oops w trakcie biegu (spontanicznie) OK
