[soak] START t0, budzet 900s. PID agent=2672 px4=2680 gzS=2862 gzG=2863 bridge=3353
[soak] baseline: CaptureCrash=0 oops=0
[soak] t=0s alive_ok=yes RTF=1.000722521660639 CaptureCrash=0 oops=0
[soak] t=32s alive_ok=yes RTF=0.998811414416844 CaptureCrash=0 oops=0
[soak] t=65s alive_ok=yes RTF=1.0003118472183703 CaptureCrash=0 oops=0
[soak] t=97s alive_ok=yes RTF=0.999570684391054 CaptureCrash=0 oops=0
[soak] t=129s alive_ok=yes RTF=0.9999160070554074 CaptureCrash=0 oops=0
[soak] t=161s alive_ok=yes RTF=0.99919015637825548 CaptureCrash=0 oops=0
[soak] t=193s alive_ok=yes RTF=1.0008797733207488 CaptureCrash=0 oops=0
[soak] t=225s alive_ok=yes RTF=1.0000552530527311 CaptureCrash=0 oops=0
[soak] t=257s alive_ok=yes RTF=1.001089435578268 CaptureCrash=0 oops=0
[soak] t=289s alive_ok=yes RTF=1.0002558154247949 CaptureCrash=0 oops=0
[soak] t=322s alive_ok=yes RTF=0.99817882273791469 CaptureCrash=0 oops=0
[soak] t=354s alive_ok=yes RTF=0.99921087321288016 CaptureCrash=0 oops=0
[soak] t=386s alive_ok=yes RTF=0.99990550892940622 CaptureCrash=0 oops=0
[soak] t=418s alive_ok=yes RTF=1.0000537528892177 CaptureCrash=0 oops=0
[soak] t=448s alive_ok=yes RTF=0.9995459562493737 CaptureCrash=0 oops=0
[soak] t=481s alive_ok=yes RTF=1.0001207645823234 CaptureCrash=0 oops=0
[soak] t=513s alive_ok=yes RTF=0.99851470936981246 CaptureCrash=0 oops=0
[soak] t=545s alive_ok=yes RTF=0.9993027365155962 CaptureCrash=0 oops=0
[soak] t=576s alive_ok=yes RTF=1.000517017168622 CaptureCrash=0 oops=0
[soak] t=608s alive_ok=yes RTF=0.99986251890365074 CaptureCrash=0 oops=0
[soak] t=640s alive_ok=yes RTF=1.0000262506890807 CaptureCrash=0 oops=0
[soak] t=672s alive_ok=yes RTF=1.000651674402955 CaptureCrash=0 oops=0
[soak] t=704s alive_ok=yes RTF=0.999445307854141 CaptureCrash=0 oops=0
[soak] t=736s alive_ok=yes RTF=1.0003008404777738 CaptureCrash=0 oops=0
[soak] t=768s alive_ok=yes RTF=1.00080064051241 CaptureCrash=0 oops=0
[soak] t=800s alive_ok=yes RTF=0.99864783083704667 CaptureCrash=0 oops=0
[soak] t=832s alive_ok=yes RTF=0.998952099247889 CaptureCrash=0 oops=0
[soak] t=863s alive_ok=yes RTF=0.9994840163765456 CaptureCrash=0 oops=0
[soak] t=895s alive_ok=yes RTF=1.0003628816353132 CaptureCrash=0 oops=0
[soak] KONIEC. elapsed=927s verdict=PASS
[soak] RTF: min=0.99817882273791469 max=1.001089435578268 avg=0.999817 (n=29 prob)
[soak] procesy zywe na koniec: 6/5
