[bench] armed sim=99.62 {}
[intruder_motion] gotowy; kontrola=/home/olga/projects/liquidpatrol/results/NET/FLY/f3_ncp_b8/episode_control.json
[bench] takeoff sim=99.66 {}
[bench] offboard sim=111.23 {}
Received ack for not-existing command: 176! Ignoring... (mavlink_command_sender.cpp:304)
[bench] intruder_start_gate sim=111.30 {'episode_id': 28, 'status': 'OK', 'n_setpose': 9, 'wait_sim': 0.072, 'pose': [15.0, 0.0, -10.0], 'attempts': 1, 'start_ned': [15.0, 0.0, -10.0]}
[bench] episode_start sim=111.31 {'episode_id': 28, 'scenario_id': 'c04_s13', 't0_sim': 111.304}
[bench] episode_end sim=183.58 {'episode_id': 28, 't_entry': 2.27, 'refuse': 0, 'breach': False}
[bench] intruder_start_gate sim=189.77 {'episode_id': 29, 'status': 'OK', 'n_setpose': 3, 'wait_sim': 0.1, 'pose': [0.0, 15.0, -10.0], 'attempts': 1, 'start_ned': [0.0, 15.0, -10.0]}
[bench] episode_start sim=189.77 {'episode_id': 29, 'scenario_id': 'c05_s13', 't0_sim': 189.768}
[bench] episode_end sim=262.15 {'episode_id': 29, 't_entry': 2.34, 'refuse': 0, 'breach': False}
[bench] intruder_start_gate sim=269.98 {'episode_id': 30, 'status': 'OK', 'n_setpose': 5, 'wait_sim': 0.22, 'pose': [-15.0, 0.0, -10.0], 'attempts': 1, 'start_ned': [-15.0, 0.0, -10.0]}
[bench] episode_start sim=270.00 {'episode_id': 30, 'scenario_id': 'c06_s13', 't0_sim': 269.98}
[bench] episode_end sim=340.11 {'episode_id': 30, 't_entry': 0.12, 'refuse': 0, 'breach': False}
[bench] intruder_start_gate sim=344.68 {'episode_id': 31, 'status': 'OK', 'n_setpose': 3, 'wait_sim': 0.104, 'pose': [0.0, -15.0, -10.0], 'attempts': 1, 'start_ned': [-0.0, -15.0, -10.0]}
[bench] episode_start sim=344.68 {'episode_id': 31, 'scenario_id': 'c07_s13', 't0_sim': 344.676}
[bench] episode_end sim=414.82 {'episode_id': 31, 't_entry': 0.14, 'refuse': 0, 'breach': False}
[bench] reset_done sim=422.02 {'in_gate': True}
Received ack for not-existing command: 176! Ignoring... (mavlink_command_sender.cpp:304)
[bench] done -> /home/olga/projects/liquidpatrol/results/NET/FLY/f3_ncp_b8/trace.jsonl (demo n=5604)
