[boot0n 18:09:39] cooldown przed czekaniem na host
[boot0n] cooldown 0s
[boot0n 18:09:39] czekam na SUSTAINED CLEAN (3× co 30s)...
[boot0n 18:09:44] CLEAN 1/3
[boot0n 18:10:21] CLEAN 2/3
[boot0n 18:10:58] CLEAN 3/3
[boot0n 18:10:58] SUSTAINED CLEAN
[boot0n 18:19:10] wrapper rc=0
[augment] world_hash=True ulog_sha=True model_in_state=True
[run_boot b0] DONE flight=bench world=world_demo_A3 rc=0 finalize=0 → /home/olga/projects/liquidpatrol/results/NET/FLY/boot0n
[boot0m 18:20:47] cooldown przed czekaniem na host
[boot0m] cooldown 203s
[boot0m 18:24:21] czekam na SUSTAINED CLEAN (3× co 30s)...
[boot0m 18:24:26] CLEAN 1/3
[boot0m 18:25:03] CLEAN 2/3
[boot0m 18:25:40] CLEAN 3/3
[boot0m 18:25:40] SUSTAINED CLEAN
[boot0m 18:33:50] wrapper rc=0
[augment] world_hash=True ulog_sha=True model_in_state=True
[run_boot b0] DONE flight=bench world=world_demo_A3 rc=0 finalize=0 → /home/olga/projects/liquidpatrol/results/NET/FLY/boot0m
[f2_ncp_b1 18:54:59] cooldown przed czekaniem na host
[f2_ncp_b1] cooldown 0s
[f2_ncp_b1 18:54:59] czekam na SUSTAINED CLEAN (3× co 30s)...
[f2_ncp_b1 18:55:05] CLEAN 1/3
[f2_ncp_b1 18:55:41] CLEAN 2/3
[f2_ncp_b1 18:56:18] CLEAN 3/3
[f2_ncp_b1 18:56:18] SUSTAINED CLEAN
[f2_ncp_b1 19:04:32] wrapper rc=0
[augment] world_hash=True ulog_sha=True model_in_state=True
[run_boot b1] DONE flight=bench world=world_demo_A3 rc=0 finalize=0 → /home/olga/projects/liquidpatrol/results/NET/FLY/f2_ncp_b1
