[smoke_gru 18:24:07] cooldown przed czekaniem na host
[smoke_gru] cooldown 0s
[smoke_gru 18:24:07] czekam na SUSTAINED CLEAN (3× co 30s)...
[smoke_gru 18:24:12] CLEAN 1/3
[smoke_gru 18:24:48] CLEAN 2/3
[smoke_gru 18:25:23] CLEAN 3/3
[smoke_gru 18:25:23] SUSTAINED CLEAN
[smoke_gru 18:29:10] wrapper rc=0
[augment] world_hash=True ulog_sha=True model_in_state=True
[run_boot b0] DONE flight=bench world=world_demo_A3 rc=0 finalize=0 → /home/olga/projects/liquidpatrol/results/LIQ/camp/smoke_gru
[r1_ncp 18:30:12] cooldown przed czekaniem na host
[r1_ncp] cooldown 238s
[r1_ncp 18:34:10] czekam na SUSTAINED CLEAN (3× co 30s)...
[r1_ncp 18:34:15] CLEAN 1/3
[r1_ncp 18:34:50] CLEAN 2/3
[r1_ncp 18:35:26] CLEAN 3/3
[r1_ncp 18:35:26] SUSTAINED CLEAN
[r1_ncp 18:43:22] wrapper rc=0
[augment] world_hash=True ulog_sha=True model_in_state=True
[run_boot b1] DONE flight=bench world=world_demo_A3 rc=0 finalize=0 → /home/olga/projects/liquidpatrol/results/LIQ/camp/r1_ncp
[r1_gru 18:44:19] cooldown przed czekaniem na host
[r1_gru] cooldown 243s
[r1_gru 18:48:22] czekam na SUSTAINED CLEAN (3× co 30s)...
[r1_gru 18:48:27] CLEAN 1/3
[r1_gru 18:49:02] CLEAN 2/3
[r1_gru 18:49:38] CLEAN 3/3
[r1_gru 18:49:38] SUSTAINED CLEAN
[r1_gru 18:57:29] wrapper rc=0
[augment] world_hash=True ulog_sha=True model_in_state=True
[run_boot b2] DONE flight=bench world=world_demo_A3 rc=0 finalize=0 → /home/olga/projects/liquidpatrol/results/LIQ/camp/r1_gru
[r2_gru 18:58:05] cooldown przed czekaniem na host
[r2_gru] cooldown 264s
[r2_gru 19:02:29] czekam na SUSTAINED CLEAN (3× co 30s)...
[r2_gru 19:02:35] CLEAN 1/3
[r2_gru 19:03:10] CLEAN 2/3
[r2_gru 19:03:45] CLEAN 3/3
[r2_gru 19:03:45] SUSTAINED CLEAN
[r2_gru 19:11:33] wrapper rc=0
[augment] world_hash=True ulog_sha=True model_in_state=True
[run_boot b3] DONE flight=bench world=world_demo_A3 rc=0 finalize=0 → /home/olga/projects/liquidpatrol/results/LIQ/camp/r2_gru
[r2_ncp 19:12:03] cooldown przed czekaniem na host
[r2_ncp] cooldown 270s
[r2_ncp 19:16:33] czekam na SUSTAINED CLEAN (3× co 30s)...
[r2_ncp 19:16:38] CLEAN 1/3
[r2_ncp 19:17:14] CLEAN 2/3
[r2_ncp 19:17:49] CLEAN 3/3
[r2_ncp 19:17:49] SUSTAINED CLEAN
[r2_ncp 19:25:31] wrapper rc=0
[augment] world_hash=True ulog_sha=True model_in_state=True
[run_boot b4] DONE flight=bench world=world_demo_A3 rc=0 finalize=0 → /home/olga/projects/liquidpatrol/results/LIQ/camp/r2_ncp
[r3_ncp 19:25:55] cooldown przed czekaniem na host
[r3_ncp] cooldown 276s
[r3_ncp 19:30:31] czekam na SUSTAINED CLEAN (3× co 30s)...
[r3_ncp 19:30:36] CLEAN 1/3
[r3_ncp 19:31:12] CLEAN 2/3
[r3_ncp 19:31:47] CLEAN 3/3
[r3_ncp 19:31:47] SUSTAINED CLEAN
[r3_ncp 19:39:29] wrapper rc=0
[augment] world_hash=True ulog_sha=True model_in_state=True
[run_boot b5] DONE flight=bench world=world_demo_A3 rc=0 finalize=0 → /home/olga/projects/liquidpatrol/results/LIQ/camp/r3_ncp
[r3_gru 19:39:56] cooldown przed czekaniem na host
[r3_gru] cooldown 273s
[r3_gru 19:44:29] czekam na SUSTAINED CLEAN (3× co 30s)...
[r3_gru 19:44:34] CLEAN 1/3
[r3_gru 19:45:09] CLEAN 2/3
[r3_gru 19:45:45] CLEAN 3/3
[r3_gru 19:45:45] SUSTAINED CLEAN
[r3_gru 19:53:29] wrapper rc=0
[augment] world_hash=True ulog_sha=True model_in_state=True
[run_boot b6] DONE flight=bench world=world_demo_A3 rc=0 finalize=0 → /home/olga/projects/liquidpatrol/results/LIQ/camp/r3_gru
[r4_gru 19:53:57] cooldown przed czekaniem na host
[r4_gru] cooldown 272s
[r4_gru 19:58:29] czekam na SUSTAINED CLEAN (3× co 30s)...
[r4_gru 19:58:34] CLEAN 1/3
[r4_gru 19:59:10] CLEAN 2/3
[r4_gru 19:59:45] CLEAN 3/3
[r4_gru 19:59:45] SUSTAINED CLEAN
[r4_gru 20:07:47] wrapper rc=0
[augment] world_hash=True ulog_sha=True model_in_state=True
[run_boot b7] DONE flight=bench world=world_demo_A3 rc=0 finalize=0 → /home/olga/projects/liquidpatrol/results/LIQ/camp/r4_gru
[r4_ncp 20:08:13] cooldown przed czekaniem na host
[r4_ncp] cooldown 274s
[r4_ncp 20:12:47] czekam na SUSTAINED CLEAN (3× co 30s)...
[r4_ncp 20:12:52] CLEAN 1/3
[r4_ncp 20:13:27] CLEAN 2/3
[r4_ncp 20:14:02] CLEAN 3/3
[r4_ncp 20:14:02] SUSTAINED CLEAN
[r4_ncp 20:21:56] wrapper rc=0
[augment] world_hash=True ulog_sha=True model_in_state=True
[run_boot b8] DONE flight=bench world=world_demo_A3 rc=0 finalize=0 → /home/olga/projects/liquidpatrol/results/LIQ/camp/r4_ncp
[r5_ncp 20:22:27] cooldown przed czekaniem na host
[r5_ncp] cooldown 269s
[r5_ncp 20:26:56] czekam na SUSTAINED CLEAN (3× co 30s)...
[r5_ncp 20:27:01] CLEAN 1/3
[r5_ncp 20:27:36] CLEAN 2/3
[r5_ncp 20:28:11] CLEAN 3/3
[r5_ncp 20:28:11] SUSTAINED CLEAN
[r5_ncp 20:35:57] wrapper rc=0
[augment] world_hash=True ulog_sha=True model_in_state=True
[run_boot b9] DONE flight=bench world=world_demo_A3 rc=0 finalize=0 → /home/olga/projects/liquidpatrol/results/LIQ/camp/r5_ncp
[r5_gru 20:36:26] cooldown przed czekaniem na host
[r5_gru] cooldown 271s
[r5_gru 20:40:57] czekam na SUSTAINED CLEAN (3× co 30s)...
[r5_gru 20:41:02] CLEAN 1/3
[r5_gru 20:41:37] CLEAN 2/3
[r5_gru 20:42:13] CLEAN 3/3
[r5_gru 20:42:13] SUSTAINED CLEAN
[r5_gru 20:49:54] wrapper rc=0
[augment] world_hash=True ulog_sha=True model_in_state=True
[run_boot b10] DONE flight=bench world=world_demo_A3 rc=0 finalize=0 → /home/olga/projects/liquidpatrol/results/LIQ/camp/r5_gru
[r6_gru 20:50:22] cooldown przed czekaniem na host
[r6_gru] cooldown 272s
[r6_gru 20:54:54] czekam na SUSTAINED CLEAN (3× co 30s)...
[r6_gru 20:54:59] CLEAN 1/3
[r6_gru 20:55:34] CLEAN 2/3
[r6_gru 20:56:09] CLEAN 3/3
[r6_gru 20:56:09] SUSTAINED CLEAN
[r6_gru 21:03:54] wrapper rc=0
[augment] world_hash=True ulog_sha=True model_in_state=True
[run_boot b11] DONE flight=bench world=world_demo_A3 rc=0 finalize=0 → /home/olga/projects/liquidpatrol/results/LIQ/camp/r6_gru
[r6_ncp 21:04:23] cooldown przed czekaniem na host
[r6_ncp] cooldown 271s
[r6_ncp 21:08:54] czekam na SUSTAINED CLEAN (3× co 30s)...
[r6_ncp 21:08:59] CLEAN 1/3
[r6_ncp 21:09:34] CLEAN 2/3
[r6_ncp 21:10:09] CLEAN 3/3
[r6_ncp 21:10:09] SUSTAINED CLEAN
[r6_ncp 21:17:55] wrapper rc=0
[augment] world_hash=True ulog_sha=True model_in_state=True
[run_boot b12] DONE flight=bench world=world_demo_A3 rc=0 finalize=0 → /home/olga/projects/liquidpatrol/results/LIQ/camp/r6_ncp
[r7_ncp 00:58:35] cooldown przed czekaniem na host
[r7_ncp] cooldown 0s
[r7_ncp 00:58:35] czekam na SUSTAINED CLEAN (3× co 30s)...
[r7_ncp 00:58:40] CLEAN 1/3
[r7_ncp 00:59:16] CLEAN 2/3
[r7_ncp 00:59:52] CLEAN 3/3
[r7_ncp 00:59:52] SUSTAINED CLEAN
[r7_ncp 01:07:59] wrapper rc=0
[augment] world_hash=True ulog_sha=True model_in_state=True
[run_boot b13] DONE flight=bench world=world_demo_A3 rc=0 finalize=0 → /home/olga/projects/liquidpatrol/results/LIQ/camp/r7_ncp
[r7_gru 01:08:25] cooldown przed czekaniem na host
[r7_gru] cooldown 274s
[r7_gru 01:13:05] czekam na SUSTAINED CLEAN (3× co 30s)...
[r7_gru 01:13:11] CLEAN 1/3
[r7_gru 01:13:47] CLEAN 2/3
[r7_gru 01:14:24] CLEAN 3/3
[r7_gru 01:14:24] SUSTAINED CLEAN
[r7_gru 01:22:26] wrapper rc=0
[augment] world_hash=True ulog_sha=True model_in_state=True
[run_boot b14] DONE flight=bench world=world_demo_A3 rc=0 finalize=0 → /home/olga/projects/liquidpatrol/results/LIQ/camp/r7_gru
[r8_gru 01:22:53] cooldown przed czekaniem na host
[r8_gru] cooldown 273s
[r8_gru 01:27:33] czekam na SUSTAINED CLEAN (3× co 30s)...
[r8_gru 01:27:38] CLEAN 1/3
[r8_gru 01:28:14] CLEAN 2/3
[r8_gru 01:28:50] CLEAN 3/3
[r8_gru 01:28:50] SUSTAINED CLEAN
[r8_gru 01:36:47] wrapper rc=0
[augment] world_hash=True ulog_sha=True model_in_state=True
[run_boot b15] DONE flight=bench world=world_demo_A3 rc=0 finalize=0 → /home/olga/projects/liquidpatrol/results/LIQ/camp/r8_gru
[r8_ncp 01:37:13] cooldown przed czekaniem na host
[r8_ncp] cooldown 274s
[r8_ncp 01:41:54] czekam na SUSTAINED CLEAN (3× co 30s)...
[r8_ncp 01:41:59] CLEAN 1/3
[r8_ncp 01:42:35] CLEAN 2/3
[r8_ncp 01:43:11] CLEAN 3/3
[r8_ncp 01:43:11] SUSTAINED CLEAN
[r8_ncp 01:51:12] wrapper rc=0
[augment] world_hash=True ulog_sha=True model_in_state=True
[run_boot b16] DONE flight=bench world=world_demo_A3 rc=0 finalize=0 → /home/olga/projects/liquidpatrol/results/LIQ/camp/r8_ncp
[r9_ncp 01:51:39] cooldown przed czekaniem na host
[r9_ncp] cooldown 273s
[r9_ncp 01:56:19] czekam na SUSTAINED CLEAN (3× co 30s)...
[r9_ncp 01:56:24] CLEAN 1/3
[r9_ncp 01:57:00] CLEAN 2/3
[r9_ncp 01:57:36] CLEAN 3/3
[r9_ncp 01:57:36] SUSTAINED CLEAN
[r9_ncp 02:05:40] wrapper rc=0
[augment] world_hash=True ulog_sha=True model_in_state=True
[run_boot b17] DONE flight=bench world=world_demo_A3 rc=0 finalize=0 → /home/olga/projects/liquidpatrol/results/LIQ/camp/r9_ncp
[r9_gru 02:06:09] cooldown przed czekaniem na host
[r9_gru] cooldown 271s
[r9_gru 02:10:46] czekam na SUSTAINED CLEAN (3× co 30s)...
[r9_gru 02:10:51] CLEAN 1/3
[r9_gru 02:11:27] CLEAN 2/3
[r9_gru 02:12:03] CLEAN 3/3
[r9_gru 02:12:03] SUSTAINED CLEAN
[r9_gru 02:20:02] wrapper rc=0
[augment] world_hash=True ulog_sha=True model_in_state=True
[run_boot b18] DONE flight=bench world=world_demo_A3 rc=0 finalize=0 → /home/olga/projects/liquidpatrol/results/LIQ/camp/r9_gru
[r10_gru 02:20:28] cooldown przed czekaniem na host
[r10_gru] cooldown 274s
[r10_gru 02:25:09] czekam na SUSTAINED CLEAN (3× co 30s)...
[r10_gru 02:25:14] CLEAN 1/3
[r10_gru 02:25:50] CLEAN 2/3
[r10_gru 02:26:27] CLEAN 3/3
[r10_gru 02:26:27] SUSTAINED CLEAN
[r10_gru 02:34:38] wrapper rc=0
[augment] world_hash=True ulog_sha=True model_in_state=True
[run_boot b19] DONE flight=bench world=world_demo_A3 rc=0 finalize=0 → /home/olga/projects/liquidpatrol/results/LIQ/camp/r10_gru
[r10_ncp 02:35:03] cooldown przed czekaniem na host
[r10_ncp] cooldown 275s
[r10_ncp 02:39:46] czekam na SUSTAINED CLEAN (3× co 30s)...
[r10_ncp 02:39:51] CLEAN 1/3
[r10_ncp 02:40:27] CLEAN 2/3
[r10_ncp 02:41:03] CLEAN 3/3
[r10_ncp 02:41:03] SUSTAINED CLEAN
[r10_ncp 02:49:14] wrapper rc=0
[augment] world_hash=True ulog_sha=True model_in_state=True
[run_boot b20] DONE flight=bench world=world_demo_A3 rc=0 finalize=0 → /home/olga/projects/liquidpatrol/results/LIQ/camp/r10_ncp
[r11_ncp 02:49:39] cooldown przed czekaniem na host
[r11_ncp] cooldown 275s
[r11_ncp 02:54:21] czekam na SUSTAINED CLEAN (3× co 30s)...
[r11_ncp 02:54:26] CLEAN 1/3
[r11_ncp 02:55:02] CLEAN 2/3
[r11_ncp 02:55:39] CLEAN 3/3
[r11_ncp 02:55:39] SUSTAINED CLEAN
[r11_ncp 03:03:38] wrapper rc=0
[augment] world_hash=True ulog_sha=True model_in_state=True
[run_boot b21] DONE flight=bench world=world_demo_A3 rc=0 finalize=0 → /home/olga/projects/liquidpatrol/results/LIQ/camp/r11_ncp
[r11_gru 03:04:27] cooldown przed czekaniem na host
[r11_gru] cooldown 251s
[r11_gru 03:08:44] czekam na SUSTAINED CLEAN (3× co 30s)...
[r11_gru 03:08:50] CLEAN 1/3
[r11_gru 03:09:26] CLEAN 2/3
[r11_gru 03:10:02] CLEAN 3/3
[r11_gru 03:10:02] SUSTAINED CLEAN
[r11_gru 03:17:54] wrapper rc=0
[augment] world_hash=True ulog_sha=True model_in_state=True
[run_boot b22] DONE flight=bench world=world_demo_A3 rc=0 finalize=0 → /home/olga/projects/liquidpatrol/results/LIQ/camp/r11_gru
[r12_gru 03:18:19] cooldown przed czekaniem na host
[r12_gru] cooldown 275s
[r12_gru 11:07:52] czekam na SUSTAINED CLEAN (3× co 30s)...
[r12_gru 11:07:57] CLEAN 1/3
[r12_gru 11:08:34] CLEAN 2/3
[r12_gru 11:09:10] CLEAN 3/3
[r12_gru 11:09:10] SUSTAINED CLEAN
[r12_gru 11:17:07] wrapper rc=0
[augment] world_hash=True ulog_sha=True model_in_state=True
[run_boot b23] DONE flight=bench world=world_demo_A3 rc=0 finalize=0 → /home/olga/projects/liquidpatrol/results/LIQ/camp/r12_gru
[r12_ncp 11:17:34] cooldown przed czekaniem na host
[r12_ncp] cooldown 273s
[r12_ncp 11:22:15] czekam na SUSTAINED CLEAN (3× co 30s)...
[r12_ncp 11:22:21] CLEAN 1/3
[r12_ncp 11:22:57] CLEAN 2/3
[r12_ncp 11:23:33] CLEAN 3/3
[r12_ncp 11:23:33] SUSTAINED CLEAN
[r12_ncp 11:31:31] wrapper rc=0
[augment] world_hash=True ulog_sha=True model_in_state=True
[run_boot b24] DONE flight=bench world=world_demo_A3 rc=0 finalize=0 → /home/olga/projects/liquidpatrol/results/LIQ/camp/r12_ncp
