[bench] armed sim=100.19 {}
[intruder_motion] gotowy; kontrola=/home/olga/projects/liquidpatrol/results/LIQ/camp/r8_gru/episode_control.json
[bench] takeoff sim=100.21 {}
[bench] offboard sim=111.42 {}
Received ack for not-existing command: 176! Ignoring... (mavlink_command_sender.cpp:304)
[bench] intruder_start_gate sim=111.52 {'episode_id': 28, 'status': 'OK', 'n_setpose': 4, 'wait_sim': 0.1, 'pose': [15.0, 0.0, -10.0], 'attempts': 1, 'start_ned': [15.0, 0.0, -10.0]}
[bench] episode_start sim=111.52 {'episode_id': 28, 'scenario_id': 'c04_s03', 't0_sim': 111.52}
[bench] episode_end sim=183.83 {'episode_id': 28, 't_entry': 2.28, 'refuse': 0, 'breach': False, 't_inj_sim': None, 'denied': False}
[bench] intruder_start_gate sim=193.24 {'episode_id': 29, 'status': 'OK', 'n_setpose': 2, 'wait_sim': 0.052, 'pose': [0.0, 15.0, -10.0], 'attempts': 1, 'start_ned': [0.0, 15.0, -10.0]}
[bench] episode_start sim=193.24 {'episode_id': 29, 'scenario_id': 'c05_s03', 't0_sim': 193.236}
[bench] episode_end sim=265.51 {'episode_id': 29, 't_entry': 2.24, 'refuse': 0, 'breach': False, 't_inj_sim': None, 'denied': False}
[bench] intruder_start_gate sim=269.38 {'episode_id': 30, 'status': 'OK', 'n_setpose': 5, 'wait_sim': 0.204, 'pose': [-15.0, 0.0, -10.0], 'attempts': 1, 'start_ned': [-15.0, 0.0, -10.0]}
[bench] episode_start sim=269.38 {'episode_id': 30, 'scenario_id': 'c06_s03', 't0_sim': 269.376}
[bench] episode_end sim=339.39 {'episode_id': 30, 't_entry': None, 'refuse': 0, 'breach': False, 't_inj_sim': None, 'denied': False}
[bench] intruder_start_gate sim=346.92 {'episode_id': 31, 'status': 'OK', 'n_setpose': 4, 'wait_sim': 0.168, 'pose': [-0.0, -15.0, -10.0], 'attempts': 1, 'start_ned': [-0.0, -15.0, -10.0]}
[bench] episode_start sim=346.93 {'episode_id': 31, 'scenario_id': 'c07_s03', 't0_sim': 346.924}
[bench] episode_end sim=419.75 {'episode_id': 31, 't_entry': 2.78, 'refuse': 0, 'breach': False, 't_inj_sim': None, 'denied': False}
[bench] reset_done sim=425.74 {'in_gate': True}
Received ack for not-existing command: 176! Ignoring... (mavlink_command_sender.cpp:304)
[bench] done -> /home/olga/projects/liquidpatrol/results/LIQ/camp/r8_gru/trace.jsonl (demo n=5645)
