[bench] armed sim=99.64 {}
[intruder_motion] gotowy; kontrola=/home/olga/projects/liquidpatrol/results/NET/FLY/f2_ncp_b6/episode_control.json
[bench] takeoff sim=99.68 {}
[bench] offboard sim=110.88 {}
Received ack for not-existing command: 176! Ignoring... (mavlink_command_sender.cpp:304)
[bench] intruder_start_gate sim=110.98 {'episode_id': 20, 'status': 'OK', 'n_setpose': 4, 'wait_sim': 0.1, 'pose': [15.0, 0.0, -10.0], 'attempts': 1, 'start_ned': [15.0, 0.0, -10.0]}
[bench] episode_start sim=110.98 {'episode_id': 20, 'scenario_id': 'c08_s02', 't0_sim': 110.98}
[bench] episode_end sim=183.06 {'episode_id': 20, 't_entry': 2.05, 'refuse': 0, 'breach': False}
[bench] intruder_start_gate sim=188.24 {'episode_id': 21, 'status': 'OK', 'n_setpose': 4, 'wait_sim': 0.16, 'pose': [0.0, 15.0, -10.0], 'attempts': 1, 'start_ned': [0.0, 15.0, -10.0]}
[bench] episode_start sim=188.28 {'episode_id': 21, 'scenario_id': 'c09_s02', 't0_sim': 188.244}
[bench] episode_end sim=260.44 {'episode_id': 21, 't_entry': 2.17, 'refuse': 0, 'breach': False}
[bench] intruder_start_gate sim=266.72 {'episode_id': 22, 'status': 'OK', 'n_setpose': 47, 'wait_sim': 2.412, 'pose': [-15.0, 0.0, -10.0], 'attempts': 1, 'start_ned': [-15.0, 0.0, -10.0]}
[bench] episode_start sim=266.72 {'episode_id': 22, 'scenario_id': 'c10_s02', 't0_sim': 266.724}
[bench] episode_end sim=338.72 {'episode_id': 22, 't_entry': 1.99, 'refuse': 0, 'breach': False}
[bench] intruder_start_gate sim=346.65 {'episode_id': 23, 'status': 'OK', 'n_setpose': 6, 'wait_sim': 0.256, 'pose': [0.0, -15.0, -10.0], 'attempts': 1, 'start_ned': [-0.0, -15.0, -10.0]}
[bench] episode_start sim=346.65 {'episode_id': 23, 'scenario_id': 'c11_s02', 't0_sim': 346.648}
[bench] episode_end sim=418.56 {'episode_id': 23, 't_entry': 1.88, 'refuse': 0, 'breach': False}
[bench] reset_done sim=426.24 {'in_gate': True}
Received ack for not-existing command: 176! Ignoring... (mavlink_command_sender.cpp:304)
[bench] done -> /home/olga/projects/liquidpatrol/results/NET/FLY/f2_ncp_b6/trace.jsonl (demo n=5659)
