[ 1033.493571]  ? __rseq_handle_notify_resume+0xaf/0x490
[ 1033.493575]  ? dxgkio_lock2+0x11c/0x240
[ 1033.493576]  ? dxgk_ioctl+0x66/0x110
[ 1033.493578]  ? exit_to_user_mode_loop+0xc4/0x100
[ 1033.493583]  ? do_syscall_64+0x28a/0x990
[ 1033.493585]  ? exit_to_user_mode_loop+0xc4/0x100
[ 1033.493586]  ? do_syscall_64+0x28a/0x990
[ 1033.493588]  ? exc_page_fault+0x7f/0x170
[ 1033.493590]  entry_SYSCALL_64_after_hwframe+0x76/0x7e
[ 1033.493591] RIP: 0033:0x7ada36924f1d
[ 1033.493594] Code: 04 25 28 00 00 00 48 89 45 c8 31 c0 48 8d 45 10 c7 45 b0 10 00 00 00 48 89 45 b8 48 8d 45 d0 48 89 45 c0 b8 10 00 00 00 0f 05 <89> c2 3d 00 f0 ff ff 77 1a 48 8b 45 c8 64 48 2b 04 25 28 00 00 00
[ 1033.493595] RSP: 002b:00007ad977df7f10 EFLAGS: 00000246 ORIG_RAX: 0000000000000010
[ 1033.493597] RAX: ffffffffffffffda RBX: 00007ad8ca691240 RCX: 00007ada36924f1d
[ 1033.493598] RDX: 00007ad977df7fa0 RSI: 00000000c050473b RDI: 000000000000001f
[ 1033.493598] RBP: 00007ad977df7f60 R08: 00007ad8ca69cfd0 R09: 0000000000000002
[ 1033.493599] R10: 00007ad6b8056498 R11: 0000000000000246 R12: 00000000000002d0
[ 1033.493601] R13: 000000000000002c R14: 000000000000002c R15: 00007ad977df7fa0
[ 1033.493603]  </TASK>
[ 1033.493604] ---[ end trace 0000000000000000 ]---
[ 1061.657613] misc dxg: dxgk: dxgkio_query_adapter_info: Ioctl failed: -22
