[bench] armed sim=100.44 {}
[intruder_motion] gotowy; kontrola=/home/olga/projects/liquidpatrol/results/LIQ/camp/r7_gru/episode_control.json
[bench] takeoff sim=100.47 {}
[bench] offboard sim=111.61 {}
Received ack for not-existing command: 176! Ignoring... (mavlink_command_sender.cpp:304)
[bench] intruder_start_gate sim=111.71 {'episode_id': 24, 'status': 'OK', 'n_setpose': 4, 'wait_sim': 0.1, 'pose': [15.0, 0.0, -10.0], 'attempts': 1, 'start_ned': [15.0, 0.0, -10.0]}
[bench] episode_start sim=111.71 {'episode_id': 24, 'scenario_id': 'c00_s03', 't0_sim': 111.708}
[bench] episode_end sim=184.03 {'episode_id': 24, 't_entry': 2.31, 'refuse': 0, 'breach': False, 't_inj_sim': None, 'denied': False}
[bench] intruder_start_gate sim=189.97 {'episode_id': 25, 'status': 'OK', 'n_setpose': 10, 'wait_sim': 0.46, 'pose': [0.0, 15.0, -10.0], 'attempts': 1, 'start_ned': [0.0, 15.0, -10.0]}
[bench] episode_start sim=189.97 {'episode_id': 25, 'scenario_id': 'c01_s03', 't0_sim': 189.968}
[bench] episode_end sim=262.54 {'episode_id': 25, 't_entry': 2.55, 'refuse': 0, 'breach': False, 't_inj_sim': None, 'denied': False}
[bench] intruder_start_gate sim=267.47 {'episode_id': 26, 'status': 'OK', 'n_setpose': 3, 'wait_sim': 0.1, 'pose': [-15.0, 0.0, -10.0], 'attempts': 1, 'start_ned': [-15.0, 0.0, -10.0]}
[bench] episode_start sim=267.47 {'episode_id': 26, 'scenario_id': 'c02_s03', 't0_sim': 267.468}
[bench] episode_end sim=340.33 {'episode_id': 26, 't_entry': 2.86, 'refuse': 0, 'breach': False, 't_inj_sim': None, 'denied': False}
[bench] intruder_start_gate sim=346.43 {'episode_id': 27, 'status': 'OK', 'n_setpose': 5, 'wait_sim': 0.204, 'pose': [0.0, -15.0, -10.0], 'attempts': 1, 'start_ned': [-0.0, -15.0, -10.0]}
[bench] episode_start sim=346.43 {'episode_id': 27, 'scenario_id': 'c03_s03', 't0_sim': 346.428}
[bench] episode_end sim=419.20 {'episode_id': 27, 't_entry': 2.75, 'refuse': 0, 'breach': False, 't_inj_sim': None, 'denied': False}
[bench] reset_done sim=429.66 {'in_gate': True}
Received ack for not-existing command: 176! Ignoring... (mavlink_command_sender.cpp:304)
[bench] done -> /home/olga/projects/liquidpatrol/results/LIQ/camp/r7_gru/trace.jsonl (demo n=5708)
