/home/olga/projects/liquidpatrol/.b0deps/lib/python3.12/site-packages/matplotlib/projections/__init__.py:63: UserWarning: Unable to import Axes3D. This may be due to multiple versions of Matplotlib being installed (e.g. as a system package and as a pip package). As a result, the 3D projection is not available.
  warnings.warn("Unable to import Axes3D. This may be due to multiple versions of "
{
 "bootdir": "/home/olga/projects/liquidpatrol/results/DET/collect/D08_c07_s06",
 "detector": "/home/olga/projects/liquidpatrol/net/frozen/det_v2.pt",
 "detector_sha": "775ead150b9937453168538cb97c55f69166e27ddc2d93f71b3710e0e49832ce",
 "n_frames_replayed": 555,
 "n_frames_no_own": 0,
 "wall_s": 15.4,
 "err_fresh_vs_gt": {
  "n": 423,
  "p50": 0.374,
  "p95": 0.522,
  "max": 0.596
 },
 "top1_on_target": {
  "n_fov": 428,
  "n_on": 428,
  "pct": 100.0
 },
 "admisja": {
  "events": {
   "ENTRY": 1,
   "REFRESH": 531
  },
  "fresh_gates": {
   "mti": 482,
   "window": 41
  },
  "n_boxes": 541,
  "n_fresh": 523
 }
}
