/home/olga/projects/liquidpatrol/.b0deps/lib/python3.12/site-packages/matplotlib/projections/__init__.py:63: UserWarning: Unable to import Axes3D. This may be due to multiple versions of Matplotlib being installed (e.g. as a system package and as a pip package). As a result, the 3D projection is not available.
  warnings.warn("Unable to import Axes3D. This may be due to multiple versions of "
{
 "bootdir": "/home/olga/projects/liquidpatrol/results/DET/collect/D11_c10_s09",
 "detector": "/home/olga/projects/liquidpatrol/net/frozen/det_v2.pt",
 "detector_sha": "775ead150b9937453168538cb97c55f69166e27ddc2d93f71b3710e0e49832ce",
 "n_frames_replayed": 784,
 "n_frames_no_own": 0,
 "wall_s": 19.5,
 "err_fresh_vs_gt": {
  "n": 613,
  "p50": 0.24,
  "p95": 0.521,
  "max": 0.686
 },
 "top1_on_target": {
  "n_fov": 620,
  "n_on": 620,
  "pct": 100.0
 },
 "admisja": {
  "events": {
   "ENTRY": 1,
   "REFRESH": 641,
   "FEED_EXPIRE": 1
  },
  "fresh_gates": {
   "mti": 632,
   "window": 6
  },
  "n_boxes": 669,
  "n_fresh": 638
 }
}
