[probe_t1] RUN=proba_1 OUTDIR=/home/olga/projects/liquidpatrol/results/demo/A1/probe_t1/proba_1 ρ=1.0 v=2.5 (ANEKS_D8 §3c Bieg 1)
[gps-hygiene] EKF2_GPS_CTRL nieobecny w bson ⇒ default 7 (GPS ON) — OK
GUI_PROCS=[brak]
MONO=/world/world_demo_A1/model/x500_mono_cam_0/link/camera_link/sensor/imager/image FILM=/world/world_demo_A1/model/film_cam/link/l/sensor/film/image
[live] 210 s settle EKF (BEZ bridge/detektora — czysta zbieżność jak B4)
[live] A1 proba_1 DONE rc=0 → /home/olga/projects/liquidpatrol/results/demo/A1/probe_t1/proba_1
[probe_t1] runner rc=0 — analiza §3e:
{
  "outdir": "/home/olga/projects/liquidpatrol/results/demo/A1/probe_t1/proba_1",
  "verdict": "FAIL",
  "borderline": false,
  "criteria": {
    "entry_in_window": false,
    "mti_ok_run>=3": true,
    "box_on_target": true
  },
  "envelope_held(report-only,§3e)": true,
  "entry": {
    "n_entry": 0,
    "entry_t": null,
    "ring_window": [
      23.0,
      49.0
    ],
    "entry_before_ring(report-only)": false,
    "first_in_ring_t": 25.074
  },
  "range_to_target_m": {
    "n": 430,
    "min": 7.54,
    "med": 8.19,
    "max": 10.04,
    "band_frac_7_9": 0.909
  },
  "mti": {
    "n_dbg_ticks": 50,
    "mti_ok_longest_run": 11,
    "n_mti_ok": 20,
    "n_comps_med": 9.5,
    "n_comps_max": 36.0
  },
  "box_channel": {
    "n_box_samples": 9,
    "cx_med": 0.517,
    "cy_med": 0.28,
    "cx_std": 0.052,
    "cy_std": 0.18,
    "central": true
  },
  "mti_frame_mechanism": {
    "n_frames": 123,
    "diff_max_med": 177,
    "diff_max_p90": 206,
    "diff_thr": 22,
    "diff_over_thr_frac": 1.0,
    "n_kept_med": 19,
    "n_kept_max": 43
  },
  "note": "PROBE (§3d Bieg 1) — NIE próba, NIE materiał dema; percepcja nieraportowalna jako wynik aktu (SR-J2)"
}
