INFO  [px4] instance: 0

______  __   __    ___ 
| ___ \ \ \ / /   /   |
| |_/ /  \ V /   / /| |
|  __/   /   \  / /_| |
| |     / /^\ \ \___  |
\_|     \/   \/     |_/

px4 starting.

INFO  [px4] startup script: /bin/sh etc/init.d-posix/rcS 0
INFO  [init] found model autostart file as SYS_AUTOSTART=4010
INFO  [param] selected parameter default file parameters.bson
INFO  [param] importing from 'parameters.bson'
INFO  [parameters] BSON document size 831 bytes, decoded 831 bytes (INT32:20, FLOAT:19)
INFO  [param] selected parameter backup file parameters_backup.bson
INFO  [dataman] data manager file './dataman' size is 1208528 bytes
INFO  [init] Gazebo simulator
INFO  [init] Starting gazebo with world: /home/olga/projects/liquidpatrol/PX4-Autopilot/Tools/simulation/gz/worlds/default.sdf
INFO  [init] Gazebo world is ready
INFO  [init] Spawning model
ATTENTION: default value of option vblank_mode overridden by environment.
INFO  [gz_bridge] world: default, model: x500_mono_cam_0
INFO  [commander] LED: open /dev/led0 failed (22)
INFO  [uxrce_dds_client] init UDP agent IP:127.0.0.1, port:8888
INFO  [mavlink] mode: Normal, data rate: 4000000 B/s on udp port 18570 remote port 14550
INFO  [mavlink] mode: Onboard, data rate: 4000000 B/s on udp port 14580 remote port 14540
INFO  [mavlink] mode: Onboard, data rate: 4000 B/s on udp port 14280 remote port 14030
INFO  [mavlink] mode: Gimbal, data rate: 400000 B/s on udp port 13030 remote port 13280
INFO  [logger] logger started (mode=all)
INFO  [logger] Start file log (type: full)
INFO  [logger] [logger] ./log/2026-08-14/13_11_47.ulg	
INFO  [logger] Opened full log file: ./log/2026-08-14/13_11_47.ulg
INFO  [mavlink] MAVLink only on localhost (set param MAV_{i}_BROADCAST = 1 to enable network)
INFO  [mavlink] MAVLink only on localhost (set param MAV_{i}_BROADCAST = 1 to enable network)
INFO  [px4] Startup script returned successfully
ATTENTION: default value of option vblank_mode overridden by environment.
INFO  [uxrce_dds_client] synchronized with time offset 1786713112500866us
INFO  [uxrce_dds_client] successfully created rt/fmu/out/register_ext_component_reply data writer, topic id: 198
INFO  [uxrce_dds_client] successfully created rt/fmu/out/arming_check_request data writer, topic id: 17
INFO  [uxrce_dds_client] successfully created rt/fmu/out/mode_completed data writer, topic id: 150
INFO  [uxrce_dds_client] successfully created rt/fmu/out/battery_status data writer, topic id: 20
INFO  [uxrce_dds_client] successfully created rt/fmu/out/collision_constraints data writer, topic id: 27
INFO  [uxrce_dds_client] successfully created rt/fmu/out/estimator_status_flags data writer, topic id: 85
INFO  [uxrce_dds_client] successfully created rt/fmu/out/failsafe_flags data writer, topic id: 91
INFO  [uxrce_dds_client] successfully created rt/fmu/out/manual_control_setpoint data writer, topic id: 141
INFO  [uxrce_dds_client] successfully created rt/fmu/out/message_format_response data writer, topic id: 147
INFO  [uxrce_dds_client] successfully created rt/fmu/out/position_setpoint_triplet data writer, topic id: 185
INFO  [uxrce_dds_client] successfully created rt/fmu/out/sensor_combined data writer, topic id: 217
INFO  [uxrce_dds_client] successfully created rt/fmu/out/timesync_status data writer, topic id: 240
INFO  [uxrce_dds_client] successfully created rt/fmu/out/vehicle_land_detected data writer, topic id: 268
INFO  [uxrce_dds_client] successfully created rt/fmu/out/vehicle_attitude data writer, topic id: 255
INFO  [uxrce_dds_client] successfully created rt/fmu/out/vehicle_control_mode data writer, topic id: 262
INFO  [uxrce_dds_client] successfully created rt/fmu/out/vehicle_command_ack data writer, topic id: 259
INFO  [uxrce_dds_client] successfully created rt/fmu/out/vehicle_global_position data writer, topic id: 263
INFO  [uxrce_dds_client] successfully created rt/fmu/out/vehicle_gps_position data writer, topic id: 265
INFO  [uxrce_dds_client] successfully created rt/fmu/out/vehicle_local_position data writer, topic id: 269
INFO  [uxrce_dds_client] successfully created rt/fmu/out/vehicle_odometry data writer, topic id: 274
INFO  [uxrce_dds_client] successfully created rt/fmu/out/vehicle_status_v1 data writer, topic id: 279
INFO  [uxrce_dds_client] successfully created rt/fmu/out/airspeed_validated data writer, topic id: 14
INFO  [uxrce_dds_client] successfully created rt/fmu/out/vtol_vehicle_status data writer, topic id: 288
INFO  [uxrce_dds_client] successfully created rt/fmu/out/home_position data writer, topic id: 123
INFO  [lockstep_scheduler] setting initial absolute time to 2496000 us
INFO  [uxrce_dds_client] time sync converged
WARN  [health_and_arming_checks] Preflight Fail: ekf2 missing data
WARN  [health_and_arming_checks] Preflight Fail: No connection to the ground control station	
INFO  [tone_alarm] home set
INFO  [tone_alarm] notify positive
WARN  [health_and_arming_checks] Preflight Fail: horizontal velocity unstable
WARN  [health_and_arming_checks] Preflight Fail: No connection to the ground control station	
WARN  [health_and_arming_checks] Preflight Fail: horizontal velocity unstable
WARN  [health_and_arming_checks] Preflight Fail: High Gyro Bias
WARN  [health_and_arming_checks] Preflight Fail: No connection to the ground control station	
WARN  [health_and_arming_checks] Preflight Fail: No connection to the ground control station	
WARN  [timesync] time jump detected. Resetting time synchroniser.
WARN  [uxrce_dds_client] time sync no longer converged
INFO  [uxrce_dds_client] time sync converged
WARN  [timesync] time jump detected. Resetting time synchroniser.
WARN  [uxrce_dds_client] time sync no longer converged
INFO  [uxrce_dds_client] time sync converged
WARN  [timesync] time jump detected. Resetting time synchroniser.
WARN  [uxrce_dds_client] time sync no longer converged
INFO  [uxrce_dds_client] time sync converged
WARN  [timesync] time jump detected. Resetting time synchroniser.
WARN  [uxrce_dds_client] time sync no longer converged
INFO  [uxrce_dds_client] time sync converged
INFO  [mavlink] partner IP: 127.0.0.1
INFO  [commander] [32mReady for takeoff![0m
INFO  [commander] Armed by external command	
INFO  [tone_alarm] arming warning
INFO  [navigator] Using default takeoff altitude: 9.0 m	
INFO  [commander] Takeoff detected	
WARN  [timesync] time jump detected. Resetting time synchroniser.
WARN  [uxrce_dds_client] time sync no longer converged
INFO  [uxrce_dds_client] time sync converged
WARN  [timesync] time jump detected. Resetting time synchroniser.
WARN  [uxrce_dds_client] time sync no longer converged
INFO  [uxrce_dds_client] time sync converged
INFO  [commander] Landing at current position	
