/home/olga/projects/liquidpatrol/.b0deps/lib/python3.12/site-packages/matplotlib/projections/__init__.py:63: UserWarning: Unable to import Axes3D. This may be due to multiple versions of Matplotlib being installed (e.g. as a system package and as a pip package). As a result, the 3D projection is not available.
  warnings.warn("Unable to import Axes3D. This may be due to multiple versions of "
[percep] det_v2=775ead150b993745 feed_sha_v2=8015bd12d7e8852b core=d6a3367b210f47e7 device=cuda
[percep] sim=118.7 frames=54 boxes=51 fresh=33
[percep] sim=133.7 frames=114 boxes=111 fresh=93
[percep] sim=148.7 frames=175 boxes=172 fresh=154
[percep] sim=163.7 frames=248 boxes=245 fresh=221
[percep] sim=178.7 frames=310 boxes=307 fresh=283
[percep] sim=193.7 frames=364 boxes=347 fresh=322
[percep] sim=208.7 frames=413 boxes=347 fresh=322
[percep] sim=223.8 frames=479 boxes=354 fresh=322
[percep] sim=238.8 frames=528 boxes=354 fresh=322
[percep] sim=253.8 frames=587 boxes=354 fresh=322
[percep] sim=268.8 frames=638 boxes=354 fresh=322
[percep] sim=283.8 frames=700 boxes=354 fresh=322
[percep] sim=298.8 frames=789 boxes=354 fresh=322
[percep] sim=313.8 frames=905 boxes=354 fresh=322
[percep] sim=328.8 frames=1005 boxes=354 fresh=322
[percep] sim=343.8 frames=1127 boxes=354 fresh=322
[percep] sim=358.8 frames=1227 boxes=358 fresh=322
[percep] DONE {"n_img_cb": 1240, "n_frames": 1240, "n_boxes": 359, "n_fresh": 322, "n_feed_expire": 1, "push_frame_wall_ms": {"n": 1240, "p50": 14.87, "p95": 22.99, "max": 1868.1}, "det_v2_sha": "775ead150b9937453168538cb97c55f69166e27ddc2d93f71b3710e0e49832ce", "feed_sha_v2": "8015bd12d7e8852bdc2e773d8b32c335a21752ea6209c6f245364809e4ed4a9c", "sim_last": 360.228}
