[bench] armed sim=97.07 {}
[intruder_motion] gotowy; kontrola=/home/olga/projects/liquidpatrol/results/DET/camp/r2_B/episode_control.json
[bench] takeoff sim=97.09 {}
[bench] offboard sim=108.66 {}
Received ack for not-existing command: 176! Ignoring... (mavlink_command_sender.cpp:304)
[bench] intruder_start_gate sim=108.76 {'episode_id': 4, 'status': 'OK', 'n_setpose': 4, 'wait_sim': 0.1, 'pose': [15.0, 0.0, -10.0], 'attempts': 1, 'start_ned': [15.0, 0.0, -10.0]}
[bench] episode_start sim=108.76 {'episode_id': 4, 'scenario_id': 'c04_s01', 't0_sim': 108.756}
[bench] episode_end sim=181.07 {'episode_id': 4, 't_entry': 2.26, 'refuse': 0, 'breach': False, 't_inj_sim': None, 'denied': False}
[bench] intruder_start_gate sim=187.31 {'episode_id': 5, 'status': 'OK', 'n_setpose': 13, 'wait_sim': 0.608, 'pose': [0.0, 15.0, -10.0], 'attempts': 1, 'start_ned': [0.0, 15.0, -10.0]}
[bench] episode_start sim=187.31 {'episode_id': 5, 'scenario_id': 'c05_s01', 't0_sim': 187.308}
[bench] episode_end sim=257.64 {'episode_id': 5, 't_entry': 0.3, 'refuse': 0, 'breach': False, 't_inj_sim': None, 'denied': False}
[bench] intruder_start_gate sim=264.45 {'episode_id': 6, 'status': 'OK', 'n_setpose': 3, 'wait_sim': 0.104, 'pose': [-15.0, 0.0, -10.0], 'attempts': 1, 'start_ned': [-15.0, 0.0, -10.0]}
[bench] episode_start sim=264.45 {'episode_id': 6, 'scenario_id': 'c06_s01', 't0_sim': 264.452}
[bench] episode_end sim=334.48 {'episode_id': 6, 't_entry': None, 'refuse': 0, 'breach': False, 't_inj_sim': None, 'denied': False}
[bench] intruder_start_gate sim=341.18 {'episode_id': 7, 'status': 'OK', 'n_setpose': 24, 'wait_sim': 1.216, 'pose': [-0.0, -15.0, -10.0], 'attempts': 1, 'start_ned': [-0.0, -15.0, -10.0]}
[bench] episode_start sim=341.18 {'episode_id': 7, 'scenario_id': 'c07_s01', 't0_sim': 341.176}
[bench] episode_end sim=413.01 {'episode_id': 7, 't_entry': 1.82, 'refuse': 0, 'breach': False, 't_inj_sim': None, 'denied': False}
[bench] reset_done sim=420.22 {'in_gate': True}
Received ack for not-existing command: 176! Ignoring... (mavlink_command_sender.cpp:304)
[bench] done -> /home/olga/projects/liquidpatrol/results/DET/camp/r2_B/trace.jsonl (demo n=5598)
