[bench] armed sim=100.48 {}
[intruder_motion] gotowy; kontrola=/home/olga/projects/liquidpatrol/results/LIQ/camp/r10_ncp/episode_control.json
[bench] takeoff sim=100.52 {}
[bench] offboard sim=111.98 {}
Received ack for not-existing command: 176! Ignoring... (mavlink_command_sender.cpp:304)
[bench] intruder_start_gate sim=112.08 {'episode_id': 36, 'status': 'OK', 'n_setpose': 4, 'wait_sim': 0.096, 'pose': [15.0, 0.0, -10.0], 'attempts': 1, 'start_ned': [15.0, 0.0, -10.0]}
[bench] episode_start sim=112.08 {'episode_id': 36, 'scenario_id': 'c00_s04', 't0_sim': 112.076}
[bench] episode_end sim=184.80 {'episode_id': 36, 't_entry': 2.7, 'refuse': 0, 'breach': False, 't_inj_sim': None, 'denied': False}
[bench] intruder_start_gate sim=190.35 {'episode_id': 37, 'status': 'OK', 'n_setpose': 2, 'wait_sim': 0.052, 'pose': [0.0, 15.0, -10.0], 'attempts': 1, 'start_ned': [0.0, 15.0, -10.0]}
[bench] episode_start sim=190.35 {'episode_id': 37, 'scenario_id': 'c01_s04', 't0_sim': 190.348}
[bench] episode_end sim=262.72 {'episode_id': 37, 't_entry': 2.35, 'refuse': 0, 'breach': False, 't_inj_sim': None, 'denied': False}
[bench] intruder_start_gate sim=272.20 {'episode_id': 38, 'status': 'OK', 'n_setpose': 4, 'wait_sim': 0.152, 'pose': [-15.0, 0.0, -10.0], 'attempts': 1, 'start_ned': [-15.0, 0.0, -10.0]}
[bench] episode_start sim=272.20 {'episode_id': 38, 'scenario_id': 'c02_s04', 't0_sim': 272.2}
[bench] episode_end sim=344.56 {'episode_id': 38, 't_entry': 2.35, 'refuse': 0, 'breach': False, 't_inj_sim': None, 'denied': False}
[bench] intruder_start_gate sim=353.97 {'episode_id': 39, 'status': 'OK', 'n_setpose': 6, 'wait_sim': 0.256, 'pose': [0.0, -15.0, -10.0], 'attempts': 1, 'start_ned': [-0.0, -15.0, -10.0]}
[bench] episode_start sim=353.97 {'episode_id': 39, 'scenario_id': 'c03_s04', 't0_sim': 353.968}
[bench] episode_end sim=426.65 {'episode_id': 39, 't_entry': 2.66, 'refuse': 0, 'breach': False, 't_inj_sim': None, 'denied': False}
[bench] reset_done sim=435.60 {'in_gate': True}
Received ack for not-existing command: 176! Ignoring... (mavlink_command_sender.cpp:304)
[bench] done -> /home/olga/projects/liquidpatrol/results/LIQ/camp/r10_ncp/trace.jsonl (demo n=5688)
