INFO  [px4] instance: 0

______  __   __    ___ 
| ___ \ \ \ / /   /   |
| |_/ /  \ V /   / /| |
|  __/   /   \  / /_| |
| |     / /^\ \ \___  |
\_|     \/   \/     |_/

px4 starting.

INFO  [px4] startup script: /bin/sh etc/init.d-posix/rcS 0
INFO  [init] found model autostart file as SYS_AUTOSTART=4010
INFO  [param] selected parameter default file parameters.bson
INFO  [param] importing from 'parameters.bson'
INFO  [parameters] BSON document size 852 bytes, decoded 852 bytes (INT32:21, FLOAT:19)
INFO  [param] selected parameter backup file parameters_backup.bson
INFO  [dataman] data manager file './dataman' size is 1208528 bytes
INFO  [init] Gazebo simulator
INFO  [init] Starting gazebo with world: /home/olga/projects/liquidpatrol/PX4-Autopilot/Tools/simulation/gz/worlds/world_wind_s3.sdf
INFO  [init] Gazebo world is ready
INFO  [init] Spawning model
ATTENTION: default value of option vblank_mode overridden by environment.
INFO  [gz_bridge] world: world_wind_s3, model: x500_mono_cam_0
INFO  [commander] LED: open /dev/led0 failed (22)
INFO  [uxrce_dds_client] init UDP agent IP:127.0.0.1, port:8888
INFO  [mavlink] mode: Normal, data rate: 4000000 B/s on udp port 18570 remote port 14550
INFO  [mavlink] mode: Onboard, data rate: 4000000 B/s on udp port 14580 remote port 14540
INFO  [mavlink] mode: Onboard, data rate: 4000 B/s on udp port 14280 remote port 14030
INFO  [mavlink] mode: Gimbal, data rate: 400000 B/s on udp port 13030 remote port 13280
INFO  [logger] logger started (mode=all)
INFO  [logger] Start file log (type: full)
INFO  [logger] [logger] ./log/2026-09-20/20_11_01.ulg	
INFO  [logger] Opened full log file: ./log/2026-09-20/20_11_01.ulg
INFO  [mavlink] MAVLink only on localhost (set param MAV_{i}_BROADCAST = 1 to enable network)
INFO  [mavlink] MAVLink only on localhost (set param MAV_{i}_BROADCAST = 1 to enable network)
INFO  [px4] Startup script returned successfully
ATTENTION: default value of option vblank_mode overridden by environment.
INFO  [lockstep_scheduler] setting initial absolute time to 2132000 us
ERROR [vehicle_imu] 0 - gyro 1310988 timestamp error timestamp_sample: 0, previous timestamp_sample: 0
ERROR [vehicle_imu] 0 - accel 1310988 timestamp error timestamp_sample: 0, previous timestamp_sample: 0
WARN  [health_and_arming_checks] Preflight Fail: No valid data from Baro 0
WARN  [health_and_arming_checks] Preflight Fail: ekf2 missing data
WARN  [health_and_arming_checks] Preflight Fail: No connection to the ground control station	
INFO  [tone_alarm] home set
INFO  [uxrce_dds_client] synchronized with time offset 1789935063834416us
INFO  [uxrce_dds_client] successfully created rt/fmu/out/register_ext_component_reply data writer, topic id: 198
INFO  [uxrce_dds_client] successfully created rt/fmu/out/arming_check_request data writer, topic id: 17
INFO  [uxrce_dds_client] successfully created rt/fmu/out/mode_completed data writer, topic id: 150
INFO  [uxrce_dds_client] successfully created rt/fmu/out/battery_status data writer, topic id: 20
INFO  [uxrce_dds_client] successfully created rt/fmu/out/collision_constraints data writer, topic id: 27
INFO  [uxrce_dds_client] successfully created rt/fmu/out/estimator_status_flags data writer, topic id: 85
INFO  [uxrce_dds_client] successfully created rt/fmu/out/failsafe_flags data writer, topic id: 91
INFO  [uxrce_dds_client] successfully created rt/fmu/out/manual_control_setpoint data writer, topic id: 141
INFO  [uxrce_dds_client] successfully created rt/fmu/out/message_format_response data writer, topic id: 147
INFO  [uxrce_dds_client] successfully created rt/fmu/out/position_setpoint_triplet data writer, topic id: 185
INFO  [uxrce_dds_client] successfully created rt/fmu/out/sensor_combined data writer, topic id: 217
INFO  [uxrce_dds_client] successfully created rt/fmu/out/timesync_status data writer, topic id: 240
INFO  [uxrce_dds_client] successfully created rt/fmu/out/vehicle_land_detected data writer, topic id: 268
INFO  [uxrce_dds_client] successfully created rt/fmu/out/vehicle_attitude data writer, topic id: 255
INFO  [uxrce_dds_client] successfully created rt/fmu/out/vehicle_control_mode data writer, topic id: 262
INFO  [uxrce_dds_client] successfully created rt/fmu/out/vehicle_command_ack data writer, topic id: 259
INFO  [uxrce_dds_client] successfully created rt/fmu/out/vehicle_global_position data writer, topic id: 263
INFO  [uxrce_dds_client] successfully created rt/fmu/out/vehicle_gps_position data writer, topic id: 265
INFO  [uxrce_dds_client] successfully created rt/fmu/out/vehicle_local_position data writer, topic id: 269
INFO  [uxrce_dds_client] successfully created rt/fmu/out/vehicle_odometry data writer, topic id: 274
INFO  [uxrce_dds_client] successfully created rt/fmu/out/vehicle_status_v1 data writer, topic id: 279
INFO  [uxrce_dds_client] successfully created rt/fmu/out/airspeed_validated data writer, topic id: 14
INFO  [uxrce_dds_client] successfully created rt/fmu/out/vtol_vehicle_status data writer, topic id: 288
INFO  [uxrce_dds_client] successfully created rt/fmu/out/home_position data writer, topic id: 123
INFO  [uxrce_dds_client] time sync converged
INFO  [tone_alarm] notify positive
WARN  [health_and_arming_checks] Preflight Fail: No connection to the ground control station	
WARN  [health_and_arming_checks] Preflight Fail: No connection to the ground control station	
WARN  [timesync] time jump detected. Resetting time synchroniser.
WARN  [uxrce_dds_client] time sync no longer converged
INFO  [uxrce_dds_client] time sync converged
INFO  [mavlink] partner IP: 127.0.0.1
INFO  [commander] [32mReady for takeoff![0m
WARN  [timesync] time jump detected. Resetting time synchroniser.
WARN  [uxrce_dds_client] time sync no longer converged
INFO  [uxrce_dds_client] time sync converged
NodeShared::Publish() Error: Interrupted system call
NodeShared::Publish() Error: Interrupted system call
ERROR [vehicle_imu] 0 - gyro 1310988 timestamp error timestamp_sample: 2227556000, previous timestamp_sample: 2227556000
ERROR [vehicle_imu] 0 - accel 1310988 timestamp error timestamp_sample: 2227556000, previous timestamp_sample: 2227556000
NodeShared::Publish() Error: Interrupted system call
ERROR [vehicle_imu] 0 - gyro 1310988 timestamp error timestamp_sample: 2227656000, previous timestamp_sample: 2227656000
ERROR [vehicle_imu] 0 - accel 1310988 timestamp error timestamp_sample: 2227656000, previous timestamp_sample: 2227656000
NodeShared::Publish() Error: Interrupted system call
ERROR [vehicle_imu] 0 - gyro 1310988 timestamp error timestamp_sample: 2228056000, previous timestamp_sample: 2228056000
ERROR [vehicle_imu] 0 - accel 1310988 timestamp error timestamp_sample: 2228056000, previous timestamp_sample: 2228056000
NodeShared::Publish() Error: Interrupted system call
ERROR [vehicle_imu] 0 - gyro 1310988 timestamp error timestamp_sample: 2228956000, previous timestamp_sample: 2228956000
ERROR [vehicle_imu] 0 - accel 1310988 timestamp error timestamp_sample: 2228956000, previous timestamp_sample: 2228956000
NodeShared::Publish() Error: Interrupted system call
ERROR [vehicle_imu] 0 - gyro 1310988 timestamp error timestamp_sample: 2527612000, previous timestamp_sample: 2527612000
ERROR [vehicle_imu] 0 - accel 1310988 timestamp error timestamp_sample: 2527612000, previous timestamp_sample: 2527612000
NodeShared::Publish() Error: Interrupted system call
ERROR [vehicle_imu] 0 - gyro 1310988 timestamp error timestamp_sample: 2533812000, previous timestamp_sample: 2533812000
ERROR [vehicle_imu] 0 - accel 1310988 timestamp error timestamp_sample: 2533812000, previous timestamp_sample: 2533812000
NodeShared::Publish() Error: Interrupted system call
ERROR [vehicle_imu] 0 - gyro 1310988 timestamp error timestamp_sample: 2535812000, previous timestamp_sample: 2535812000
ERROR [vehicle_imu] 0 - accel 1310988 timestamp error timestamp_sample: 2535812000, previous timestamp_sample: 2535812000
NodeShared::Publish() Error: Interrupted system call
ERROR [vehicle_imu] 0 - gyro 1310988 timestamp error timestamp_sample: 2537912000, previous timestamp_sample: 2537912000
ERROR [vehicle_imu] 0 - accel 1310988 timestamp error timestamp_sample: 2537912000, previous timestamp_sample: 2537912000
NodeShared::Publish() Error: Interrupted system call
ERROR [vehicle_imu] 0 - gyro 1310988 timestamp error timestamp_sample: 2546412000, previous timestamp_sample: 2546412000
ERROR [vehicle_imu] 0 - accel 1310988 timestamp error timestamp_sample: 2546412000, previous timestamp_sample: 2546412000
NodeShared::Publish() Error: Interrupted system call
ERROR [vehicle_imu] 0 - gyro 1310988 timestamp error timestamp_sample: 2551012000, previous timestamp_sample: 2551012000
ERROR [vehicle_imu] 0 - accel 1310988 timestamp error timestamp_sample: 2551012000, previous timestamp_sample: 2551012000
NodeShared::Publish() Error: Interrupted system call
ERROR [vehicle_imu] 0 - gyro 1310988 timestamp error timestamp_sample: 2553512000, previous timestamp_sample: 2553512000
ERROR [vehicle_imu] 0 - accel 1310988 timestamp error timestamp_sample: 2553512000, previous timestamp_sample: 2553512000
NodeShared::Publish() Error: Interrupted system call
ERROR [vehicle_imu] 0 - gyro 1310988 timestamp error timestamp_sample: 2556612000, previous timestamp_sample: 2556612000
ERROR [vehicle_imu] 0 - accel 1310988 timestamp error timestamp_sample: 2556612000, previous timestamp_sample: 2556612000
NodeShared::Publish() Error: Interrupted system call
ERROR [vehicle_imu] 0 - gyro 1310988 timestamp error timestamp_sample: 2565312000, previous timestamp_sample: 2565312000
ERROR [vehicle_imu] 0 - accel 1310988 timestamp error timestamp_sample: 2565312000, previous timestamp_sample: 2565312000
NodeShared::Publish() Error: Interrupted system call
ERROR [vehicle_imu] 0 - gyro 1310988 timestamp error timestamp_sample: 2571612000, previous timestamp_sample: 2571612000
ERROR [vehicle_imu] 0 - accel 1310988 timestamp error timestamp_sample: 2571612000, previous timestamp_sample: 2571612000
NodeShared::Publish() Error: Interrupted system call
ERROR [vehicle_imu] 0 - gyro 1310988 timestamp error timestamp_sample: 2572312000, previous timestamp_sample: 2572312000
ERROR [vehicle_imu] 0 - accel 1310988 timestamp error timestamp_sample: 2572312000, previous timestamp_sample: 2572312000
NodeShared::Publish() Error: Interrupted system call
ERROR [vehicle_imu] 0 - gyro 1310988 timestamp error timestamp_sample: 2574012000, previous timestamp_sample: 2574012000
ERROR [vehicle_imu] 0 - accel 1310988 timestamp error timestamp_sample: 2574012000, previous timestamp_sample: 2574012000
NodeShared::Publish() Error: Interrupted system call
ERROR [vehicle_imu] 0 - gyro 1310988 timestamp error timestamp_sample: 2574712000, previous timestamp_sample: 2574712000
ERROR [vehicle_imu] 0 - accel 1310988 timestamp error timestamp_sample: 2574712000, previous timestamp_sample: 2574712000
NodeShared::Publish() Error: Interrupted system call
ERROR [vehicle_imu] 0 - gyro 1310988 timestamp error timestamp_sample: 2581012000, previous timestamp_sample: 2581012000
ERROR [vehicle_imu] 0 - accel 1310988 timestamp error timestamp_sample: 2581012000, previous timestamp_sample: 2581012000
NodeShared::Publish() Error: Interrupted system call
ERROR [vehicle_imu] 0 - gyro 1310988 timestamp error timestamp_sample: 2586012000, previous timestamp_sample: 2586012000
ERROR [vehicle_imu] 0 - accel 1310988 timestamp error timestamp_sample: 2586012000, previous timestamp_sample: 2586012000
NodeShared::Publish() Error: Interrupted system call
ERROR [vehicle_imu] 0 - gyro 1310988 timestamp error timestamp_sample: 2586612000, previous timestamp_sample: 2586612000
ERROR [vehicle_imu] 0 - accel 1310988 timestamp error timestamp_sample: 2586612000, previous timestamp_sample: 2586612000
NodeShared::Publish() Error: Interrupted system call
ERROR [vehicle_imu] 0 - gyro 1310988 timestamp error timestamp_sample: 2588212000, previous timestamp_sample: 2588212000
ERROR [vehicle_imu] 0 - accel 1310988 timestamp error timestamp_sample: 2588212000, previous timestamp_sample: 2588212000
NodeShared::Publish() Error: Interrupted system call
ERROR [vehicle_imu] 0 - gyro 1310988 timestamp error timestamp_sample: 2599512000, previous timestamp_sample: 2599512000
ERROR [vehicle_imu] 0 - accel 1310988 timestamp error timestamp_sample: 2599512000, previous timestamp_sample: 2599512000
NodeShared::Publish() Error: Interrupted system call
ERROR [vehicle_imu] 0 - gyro 1310988 timestamp error timestamp_sample: 2601212000, previous timestamp_sample: 2601212000
ERROR [vehicle_imu] 0 - accel 1310988 timestamp error timestamp_sample: 2601212000, previous timestamp_sample: 2601212000
NodeShared::Publish() Error: Interrupted system call
ERROR [vehicle_imu] 0 - gyro 1310988 timestamp error timestamp_sample: 2603012000, previous timestamp_sample: 2603012000
ERROR [vehicle_imu] 0 - accel 1310988 timestamp error timestamp_sample: 2603012000, previous timestamp_sample: 2603012000
NodeShared::Publish() Error: Interrupted system call
ERROR [vehicle_imu] 0 - gyro 1310988 timestamp error timestamp_sample: 2606312000, previous timestamp_sample: 2606312000
ERROR [vehicle_imu] 0 - accel 1310988 timestamp error timestamp_sample: 2606312000, previous timestamp_sample: 2606312000
NodeShared::Publish() Error: Interrupted system call
ERROR [vehicle_imu] 0 - gyro 1310988 timestamp error timestamp_sample: 2631812000, previous timestamp_sample: 2631812000
ERROR [vehicle_imu] 0 - accel 1310988 timestamp error timestamp_sample: 2631812000, previous timestamp_sample: 2631812000
NodeShared::Publish() Error: Interrupted system call
ERROR [vehicle_imu] 0 - gyro 1310988 timestamp error timestamp_sample: 2631912000, previous timestamp_sample: 2631912000
ERROR [vehicle_imu] 0 - accel 1310988 timestamp error timestamp_sample: 2631912000, previous timestamp_sample: 2631912000
NodeShared::Publish() Error: Interrupted system call
ERROR [vehicle_imu] 0 - gyro 1310988 timestamp error timestamp_sample: 2637912000, previous timestamp_sample: 2637912000
ERROR [vehicle_imu] 0 - accel 1310988 timestamp error timestamp_sample: 2637912000, previous timestamp_sample: 2637912000
NodeShared::Publish() Error: Interrupted system call
ERROR [vehicle_imu] 0 - gyro 1310988 timestamp error timestamp_sample: 2639112000, previous timestamp_sample: 2639112000
ERROR [vehicle_imu] 0 - accel 1310988 timestamp error timestamp_sample: 2639112000, previous timestamp_sample: 2639112000
NodeShared::Publish() Error: Interrupted system call
ERROR [vehicle_imu] 0 - gyro 1310988 timestamp error timestamp_sample: 2639812000, previous timestamp_sample: 2639812000
ERROR [vehicle_imu] 0 - accel 1310988 timestamp error timestamp_sample: 2639812000, previous timestamp_sample: 2639812000
NodeShared::Publish() Error: Interrupted system call
ERROR [vehicle_imu] 0 - gyro 1310988 timestamp error timestamp_sample: 2641712000, previous timestamp_sample: 2641712000
ERROR [vehicle_imu] 0 - accel 1310988 timestamp error timestamp_sample: 2641712000, previous timestamp_sample: 2641712000
NodeShared::Publish() Error: Interrupted system call
ERROR [vehicle_imu] 0 - gyro 1310988 timestamp error timestamp_sample: 2645912000, previous timestamp_sample: 2645912000
ERROR [vehicle_imu] 0 - accel 1310988 timestamp error timestamp_sample: 2645912000, previous timestamp_sample: 2645912000
NodeShared::Publish() Error: Interrupted system call
ERROR [vehicle_imu] 0 - gyro 1310988 timestamp error timestamp_sample: 2657212000, previous timestamp_sample: 2657212000
ERROR [vehicle_imu] 0 - accel 1310988 timestamp error timestamp_sample: 2657212000, previous timestamp_sample: 2657212000
NodeShared::Publish() Error: Interrupted system call
ERROR [vehicle_imu] 0 - gyro 1310988 timestamp error timestamp_sample: 6497056000, previous timestamp_sample: 6497056000
ERROR [vehicle_imu] 0 - accel 1310988 timestamp error timestamp_sample: 6497056000, previous timestamp_sample: 6497056000
NodeShared::Publish() Error: Interrupted system call
ERROR [vehicle_imu] 0 - gyro 1310988 timestamp error timestamp_sample: 6501256000, previous timestamp_sample: 6501256000
ERROR [vehicle_imu] 0 - accel 1310988 timestamp error timestamp_sample: 6501256000, previous timestamp_sample: 6501256000
NodeShared::Publish() Error: Interrupted system call
ERROR [vehicle_imu] 0 - gyro 1310988 timestamp error timestamp_sample: 6503356000, previous timestamp_sample: 6503356000
ERROR [vehicle_imu] 0 - accel 1310988 timestamp error timestamp_sample: 6503356000, previous timestamp_sample: 6503356000
NodeShared::Publish() Error: Interrupted system call
ERROR [vehicle_imu] 0 - gyro 1310988 timestamp error timestamp_sample: 6503856000, previous timestamp_sample: 6503856000
ERROR [vehicle_imu] 0 - accel 1310988 timestamp error timestamp_sample: 6503856000, previous timestamp_sample: 6503856000
NodeShared::Publish() Error: Interrupted system call
ERROR [vehicle_imu] 0 - gyro 1310988 timestamp error timestamp_sample: 6510556000, previous timestamp_sample: 6510556000
ERROR [vehicle_imu] 0 - accel 1310988 timestamp error timestamp_sample: 6510556000, previous timestamp_sample: 6510556000
NodeShared::Publish() Error: Interrupted system call
ERROR [vehicle_imu] 0 - gyro 1310988 timestamp error timestamp_sample: 6512156000, previous timestamp_sample: 6512156000
ERROR [vehicle_imu] 0 - accel 1310988 timestamp error timestamp_sample: 6512156000, previous timestamp_sample: 6512156000
NodeShared::Publish() Error: Interrupted system call
ERROR [vehicle_imu] 0 - gyro 1310988 timestamp error timestamp_sample: 6521856000, previous timestamp_sample: 6521856000
ERROR [vehicle_imu] 0 - accel 1310988 timestamp error timestamp_sample: 6521856000, previous timestamp_sample: 6521856000
NodeShared::Publish() Error: Interrupted system call
ERROR [vehicle_imu] 0 - gyro 1310988 timestamp error timestamp_sample: 6525156000, previous timestamp_sample: 6525156000
ERROR [vehicle_imu] 0 - accel 1310988 timestamp error timestamp_sample: 6525156000, previous timestamp_sample: 6525156000
NodeShared::Publish() Error: Interrupted system call
ERROR [vehicle_imu] 0 - gyro 1310988 timestamp error timestamp_sample: 6528556000, previous timestamp_sample: 6528556000
ERROR [vehicle_imu] 0 - accel 1310988 timestamp error timestamp_sample: 6528556000, previous timestamp_sample: 6528556000
NodeShared::Publish() Error: Interrupted system call
ERROR [vehicle_imu] 0 - gyro 1310988 timestamp error timestamp_sample: 6529756000, previous timestamp_sample: 6529756000
ERROR [vehicle_imu] 0 - accel 1310988 timestamp error timestamp_sample: 6529756000, previous timestamp_sample: 6529756000
NodeShared::Publish() Error: Interrupted system call
ERROR [vehicle_imu] 0 - gyro 1310988 timestamp error timestamp_sample: 6531456000, previous timestamp_sample: 6531456000
ERROR [vehicle_imu] 0 - accel 1310988 timestamp error timestamp_sample: 6531456000, previous timestamp_sample: 6531456000
NodeShared::Publish() Error: Interrupted system call
ERROR [vehicle_imu] 0 - gyro 1310988 timestamp error timestamp_sample: 6531956000, previous timestamp_sample: 6531956000
ERROR [vehicle_imu] 0 - accel 1310988 timestamp error timestamp_sample: 6531956000, previous timestamp_sample: 6531956000
NodeShared::Publish() Error: Interrupted system call
ERROR [vehicle_imu] 0 - gyro 1310988 timestamp error timestamp_sample: 6533056000, previous timestamp_sample: 6533056000
ERROR [vehicle_imu] 0 - accel 1310988 timestamp error timestamp_sample: 6533056000, previous timestamp_sample: 6533056000
NodeShared::Publish() Error: Interrupted system call
ERROR [vehicle_imu] 0 - gyro 1310988 timestamp error timestamp_sample: 6544256000, previous timestamp_sample: 6544256000
ERROR [vehicle_imu] 0 - accel 1310988 timestamp error timestamp_sample: 6544256000, previous timestamp_sample: 6544256000
NodeShared::Publish() Error: Interrupted system call
ERROR [vehicle_imu] 0 - gyro 1310988 timestamp error timestamp_sample: 6544956000, previous timestamp_sample: 6544956000
ERROR [vehicle_imu] 0 - accel 1310988 timestamp error timestamp_sample: 6544956000, previous timestamp_sample: 6544956000
NodeShared::Publish() Error: Interrupted system call
ERROR [vehicle_imu] 0 - gyro 1310988 timestamp error timestamp_sample: 6550656000, previous timestamp_sample: 6550656000
ERROR [vehicle_imu] 0 - accel 1310988 timestamp error timestamp_sample: 6550656000, previous timestamp_sample: 6550656000
NodeShared::Publish() Error: Interrupted system call
ERROR [vehicle_imu] 0 - gyro 1310988 timestamp error timestamp_sample: 6557256000, previous timestamp_sample: 6557256000
ERROR [vehicle_imu] 0 - accel 1310988 timestamp error timestamp_sample: 6557256000, previous timestamp_sample: 6557256000
NodeShared::Publish() Error: Interrupted system call
ERROR [vehicle_imu] 0 - gyro 1310988 timestamp error timestamp_sample: 6560856000, previous timestamp_sample: 6560856000
ERROR [vehicle_imu] 0 - accel 1310988 timestamp error timestamp_sample: 6560856000, previous timestamp_sample: 6560856000
NodeShared::Publish() Error: Interrupted system call
ERROR [vehicle_imu] 0 - gyro 1310988 timestamp error timestamp_sample: 6560956000, previous timestamp_sample: 6560956000
ERROR [vehicle_imu] 0 - accel 1310988 timestamp error timestamp_sample: 6560956000, previous timestamp_sample: 6560956000
NodeShared::Publish() Error: Interrupted system call
ERROR [vehicle_imu] 0 - gyro 1310988 timestamp error timestamp_sample: 6561556000, previous timestamp_sample: 6561556000
ERROR [vehicle_imu] 0 - accel 1310988 timestamp error timestamp_sample: 6561556000, previous timestamp_sample: 6561556000
NodeShared::Publish() Error: Interrupted system call
ERROR [vehicle_imu] 0 - gyro 1310988 timestamp error timestamp_sample: 6565256000, previous timestamp_sample: 6565256000
ERROR [vehicle_imu] 0 - accel 1310988 timestamp error timestamp_sample: 6565256000, previous timestamp_sample: 6565256000
NodeShared::Publish() Error: Interrupted system call
ERROR [vehicle_imu] 0 - gyro 1310988 timestamp error timestamp_sample: 6568356000, previous timestamp_sample: 6568356000
ERROR [vehicle_imu] 0 - accel 1310988 timestamp error timestamp_sample: 6568356000, previous timestamp_sample: 6568356000
NodeShared::Publish() Error: Interrupted system call
ERROR [vehicle_imu] 0 - gyro 1310988 timestamp error timestamp_sample: 6568756000, previous timestamp_sample: 6568756000
ERROR [vehicle_imu] 0 - accel 1310988 timestamp error timestamp_sample: 6568756000, previous timestamp_sample: 6568756000
NodeShared::Publish() Error: Interrupted system call
ERROR [vehicle_imu] 0 - gyro 1310988 timestamp error timestamp_sample: 6572956000, previous timestamp_sample: 6572956000
ERROR [vehicle_imu] 0 - accel 1310988 timestamp error timestamp_sample: 6572956000, previous timestamp_sample: 6572956000
NodeShared::Publish() Error: Interrupted system call
ERROR [vehicle_imu] 0 - gyro 1310988 timestamp error timestamp_sample: 6578356000, previous timestamp_sample: 6578356000
ERROR [vehicle_imu] 0 - accel 1310988 timestamp error timestamp_sample: 6578356000, previous timestamp_sample: 6578356000
NodeShared::Publish() Error: Interrupted system call
ERROR [vehicle_imu] 0 - gyro 1310988 timestamp error timestamp_sample: 6581856000, previous timestamp_sample: 6581856000
ERROR [vehicle_imu] 0 - accel 1310988 timestamp error timestamp_sample: 6581856000, previous timestamp_sample: 6581856000
NodeShared::Publish() Error: Interrupted system call
ERROR [vehicle_imu] 0 - gyro 1310988 timestamp error timestamp_sample: 6582456000, previous timestamp_sample: 6582456000
ERROR [vehicle_imu] 0 - accel 1310988 timestamp error timestamp_sample: 6582456000, previous timestamp_sample: 6582456000
NodeShared::Publish() Error: Interrupted system call
ERROR [vehicle_imu] 0 - gyro 1310988 timestamp error timestamp_sample: 6582556000, previous timestamp_sample: 6582556000
ERROR [vehicle_imu] 0 - accel 1310988 timestamp error timestamp_sample: 6582556000, previous timestamp_sample: 6582556000
NodeShared::Publish() Error: Interrupted system call
ERROR [vehicle_imu] 0 - gyro 1310988 timestamp error timestamp_sample: 6586756000, previous timestamp_sample: 6586756000
ERROR [vehicle_imu] 0 - accel 1310988 timestamp error timestamp_sample: 6586756000, previous timestamp_sample: 6586756000
NodeShared::Publish() Error: Interrupted system call
ERROR [vehicle_imu] 0 - gyro 1310988 timestamp error timestamp_sample: 6594056000, previous timestamp_sample: 6594056000
ERROR [vehicle_imu] 0 - accel 1310988 timestamp error timestamp_sample: 6594056000, previous timestamp_sample: 6594056000
NodeShared::Publish() Error: Interrupted system call
ERROR [vehicle_imu] 0 - gyro 1310988 timestamp error timestamp_sample: 6597056000, previous timestamp_sample: 6597056000
ERROR [vehicle_imu] 0 - accel 1310988 timestamp error timestamp_sample: 6597056000, previous timestamp_sample: 6597056000
NodeShared::Publish() Error: Interrupted system call
ERROR [vehicle_imu] 0 - gyro 1310988 timestamp error timestamp_sample: 6606156000, previous timestamp_sample: 6606156000
ERROR [vehicle_imu] 0 - accel 1310988 timestamp error timestamp_sample: 6606156000, previous timestamp_sample: 6606156000
NodeShared::Publish() Error: Interrupted system call
ERROR [vehicle_imu] 0 - gyro 1310988 timestamp error timestamp_sample: 6608256000, previous timestamp_sample: 6608256000
ERROR [vehicle_imu] 0 - accel 1310988 timestamp error timestamp_sample: 6608256000, previous timestamp_sample: 6608256000
NodeShared::Publish() Error: Interrupted system call
ERROR [vehicle_imu] 0 - gyro 1310988 timestamp error timestamp_sample: 6616152000, previous timestamp_sample: 6616152000
ERROR [vehicle_imu] 0 - accel 1310988 timestamp error timestamp_sample: 6616152000, previous timestamp_sample: 6616152000
NodeShared::Publish() Error: Interrupted system call
ERROR [vehicle_imu] 0 - gyro 1310988 timestamp error timestamp_sample: 6617552000, previous timestamp_sample: 6617552000
ERROR [vehicle_imu] 0 - accel 1310988 timestamp error timestamp_sample: 6617552000, previous timestamp_sample: 6617552000
NodeShared::Publish() Error: Interrupted system call
ERROR [vehicle_imu] 0 - gyro 1310988 timestamp error timestamp_sample: 6623552000, previous timestamp_sample: 6623552000
ERROR [vehicle_imu] 0 - accel 1310988 timestamp error timestamp_sample: 6623552000, previous timestamp_sample: 6623552000
NodeShared::Publish() Error: Interrupted system call
ERROR [vehicle_imu] 0 - gyro 1310988 timestamp error timestamp_sample: 6648052000, previous timestamp_sample: 6648052000
ERROR [vehicle_imu] 0 - accel 1310988 timestamp error timestamp_sample: 6648052000, previous timestamp_sample: 6648052000
NodeShared::Publish() Error: Interrupted system call
ERROR [vehicle_imu] 0 - gyro 1310988 timestamp error timestamp_sample: 6649652000, previous timestamp_sample: 6649652000
ERROR [vehicle_imu] 0 - accel 1310988 timestamp error timestamp_sample: 6649652000, previous timestamp_sample: 6649652000
NodeShared::Publish() Error: Interrupted system call
ERROR [vehicle_imu] 0 - gyro 1310988 timestamp error timestamp_sample: 6652852000, previous timestamp_sample: 6652852000
ERROR [vehicle_imu] 0 - accel 1310988 timestamp error timestamp_sample: 6652852000, previous timestamp_sample: 6652852000
NodeShared::Publish() Error: Interrupted system call
ERROR [vehicle_imu] 0 - gyro 1310988 timestamp error timestamp_sample: 6656452000, previous timestamp_sample: 6656452000
ERROR [vehicle_imu] 0 - accel 1310988 timestamp error timestamp_sample: 6656452000, previous timestamp_sample: 6656452000
INFO  [commander] Connection to ground station lost	
WARN  [health_and_arming_checks] Preflight Fail: No connection to the ground control station	

PX4 Exiting...
